Component: ARM Compiler 5.05 update 2 (build 169) Tool: armlink [4d0f33]

==============================================================================

Section Cross References

    iic.o(.text) refers to stm32f10x_rcc.o(.text) for RCC_APB1PeriphClockCmd
    iic.o(.text) refers to stm32f10x_gpio.o(.text) for GPIO_Init
    iic.o(.text) refers to stm32f10x_i2c.o(.text) for I2C_DeInit
    main.o(.text) refers to stm32f10x_rcc.o(.text) for RCC_APB2PeriphClockCmd
    main.o(.text) refers to stm32f10x_gpio.o(.text) for GPIO_Init
    main.o(.text) refers to _exti4.o(.text) for NVIC_GroupConfig
    main.o(.text) refers to usart.o(.text) for usart_init
    main.o(.text) refers to iic.o(.text) for iic_init
    main.o(.text) refers to timer.o(.text) for timer_init
    main.o(.text) refers to mpu6050.o(.text) for mpu6050_init
    main.o(.text) refers to hmc5883l.o(.text) for hmc5883l_init
    main.o(.text) refers to fflt_clz.o(x$fpl$fflt) for __aeabi_i2f
    main.o(.text) refers to fmul.o(x$fpl$fmul) for __aeabi_fmul
    main.o(.text) refers to ahrs.o(.text) for get_euler_angle
    main.o(.text) refers to ffix.o(x$fpl$ffix) for __aeabi_f2iz
    main.o(.text) refers to stm32f10x_usart.o(.text) for USART_SendData
    main.o(.text) refers to main.o(.data) for flg_get_senor_data
    stm32f10x_it.o(.text) refers to stm32f10x_tim.o(.text) for TIM_GetITStatus
    stm32f10x_it.o(.text) refers to stm32f10x_exti.o(.text) for EXTI_GetITStatus
    stm32f10x_it.o(.text) refers to main.o(.data) for flg_get_senor_data
    timer.o(.text) refers to misc.o(.text) for NVIC_Init
    timer.o(.text) refers to stm32f10x_rcc.o(.text) for RCC_APB1PeriphClockCmd
    timer.o(.text) refers to stm32f10x_tim.o(.text) for TIM_TimeBaseInit
    usart.o(.text) refers to stm32f10x_rcc.o(.text) for RCC_APB2PeriphClockCmd
    usart.o(.text) refers to stm32f10x_gpio.o(.text) for GPIO_Init
    usart.o(.text) refers to stm32f10x_usart.o(.text) for USART_Init
    hmc5883l.o(.text) refers to iic.o(.text) for iic_rw
    mpu6050.o(.text) refers to iic.o(.text) for iic_rw
    ahrs.o(.text) refers to fmul.o(x$fpl$fmul) for __aeabi_fmul
    ahrs.o(.text) refers to faddsub_clz.o(x$fpl$frsb) for __aeabi_frsub
    ahrs.o(.text) refers to feqf.o(x$fpl$feqf) for __aeabi_cfcmpeq
    ahrs.o(.text) refers to faddsub_clz.o(x$fpl$fadd) for __aeabi_fadd
    ahrs.o(.text) refers to faddsub_clz.o(x$fpl$fsub) for __aeabi_fsub
    ahrs.o(.text) refers to f2d.o(x$fpl$f2d) for __aeabi_f2d
    ahrs.o(.text) refers to sqrt.o(i.sqrt) for sqrt
    ahrs.o(.text) refers to d2f.o(x$fpl$d2f) for __aeabi_d2f
    ahrs.o(.text) refers to ahrs.o(.data) for q0
    ahrs.o(.text) refers to frleqf.o(x$fpl$frleqf) for __aeabi_cfrcmple
    ahrs.o(.text) refers to atan2.o(i.atan2) for atan2
    ahrs.o(.text) refers to dmul.o(x$fpl$dmul) for __aeabi_dmul
    ahrs.o(.text) refers to asin.o(i.asin) for asin
    _exti4.o(.text) refers to misc.o(.text) for NVIC_PriorityGroupConfig
    _exti4.o(.text) refers to stm32f10x_rcc.o(.text) for RCC_APB2PeriphClockCmd
    _exti4.o(.text) refers to stm32f10x_gpio.o(.text) for GPIO_Init
    _exti4.o(.text) refers to stm32f10x_exti.o(.text) for EXTI_Init
    hw_config.o(.text) refers to misc.o(.text) for NVIC_PriorityGroupConfig
    hw_config.o(.text) refers to stm32f10x_rcc.o(.text) for RCC_USBCLKConfig
    hw_config.o(.text) refers to stm32f10x_gpio.o(.text) for GPIO_Init
    hw_config.o(.text) refers to usb_init.o(.text) for USB_Init
    hw_config.o(.text) refers to usb_mem.o(.text) for UserToPMABufferCopy
    hw_config.o(.text) refers to usb_regs.o(.text) for SetEPTxCount
    hw_config.o(.text) refers to usb_pwr.o(.data) for bDeviceState
    hw_config.o(.text) refers to usb_init.o(.bss) for Device_Info
    hw_config.o(.text) refers to hw_config.o(.data) for USB_Tx_State
    hw_config.o(.text) refers to hw_config.o(.bss) for USART_Rx_Buffer
    hw_config.o(.text) refers to usb_desc.o(.data) for Virtual_Com_Port_StringSerial
    usb_endp.o(.text) refers to usb_mem.o(.text) for UserToPMABufferCopy
    usb_endp.o(.text) refers to usb_regs.o(.text) for SetEPTxCount
    usb_endp.o(.text) refers to usb_sil.o(.text) for USB_SIL_Read
    usb_endp.o(.text) refers to hw_config.o(.text) for USB_To_USART_Send_Data
    usb_endp.o(.text) refers to hw_config.o(.data) for USB_Tx_State
    usb_endp.o(.text) refers to hw_config.o(.bss) for USART_Rx_Buffer
    usb_endp.o(.text) refers to usb_endp.o(.bss) for USB_Rx_Buffer
    usb_endp.o(.text) refers to usb_pwr.o(.data) for bDeviceState
    usb_endp.o(.text) refers to usb_endp.o(.data) for FrameCount
    usb_istr.o(.text) refers to usb_endp.o(.text) for SOF_Callback
    usb_istr.o(.text) refers to usb_int.o(.text) for CTR_LP
    usb_istr.o(.text) refers to usb_istr.o(.data) for wIstr
    usb_istr.o(.text) refers to usb_init.o(.data) for wInterrupt_Mask
    usb_istr.o(.text) refers to usb_prop.o(.data) for Device_Property
[...]
    ../clib/angel/sys.s                      0x00000000   Number         0  sys_stackheap_outer.o ABSOLUTE
    ../clib/angel/sysapp.c                   0x00000000   Number         0  sys_command.o ABSOLUTE
    ../clib/angel/sysapp.c                   0x00000000   Number         0  sys_exit.o ABSOLUTE
    ../clib/angel/sysapp.c                   0x00000000   Number         0  sys_wrch.o ABSOLUTE
    ../clib/armsys.c                         0x00000000   Number         0  no_argv.o ABSOLUTE
    ../clib/armsys.c                         0x00000000   Number         0  _get_argv_nomalloc.o ABSOLUTE
    ../clib/armsys.c                         0x00000000   Number         0  argv_veneer.o ABSOLUTE
    ../clib/armsys.c                         0x00000000   Number         0  argv_veneer.o ABSOLUTE
    ../clib/fenv.c                           0x00000000   Number         0  _rserrno.o ABSOLUTE
    ../clib/heapalloc.c                      0x00000000   Number         0  hrguard.o ABSOLUTE
    ../clib/heapaux.c                        0x00000000   Number         0  heapauxi.o ABSOLUTE
    ../clib/libinit.s                        0x00000000   Number         0  libshutdown2.o ABSOLUTE
    ../clib/libinit.s                        0x00000000   Number         0  libshutdown.o ABSOLUTE
    ../clib/libinit.s                        0x00000000   Number         0  libinit2.o ABSOLUTE
    ../clib/libinit.s                        0x00000000   Number         0  libinit.o ABSOLUTE
    ../clib/signal.c                         0x00000000   Number         0  defsig_rtmem_inner.o ABSOLUTE
    ../clib/signal.c                         0x00000000   Number         0  defsig_rtmem_formal.o ABSOLUTE
    ../clib/signal.c                         0x00000000   Number         0  defsig_rtmem_outer.o ABSOLUTE
    ../clib/signal.c                         0x00000000   Number         0  defsig_other.o ABSOLUTE
    ../clib/signal.c                         0x00000000   Number         0  defsig_segv_inner.o ABSOLUTE
    ../clib/signal.c                         0x00000000   Number         0  defsig_cppl_inner.o ABSOLUTE
    ../clib/signal.c                         0x00000000   Number         0  defsig_stak_inner.o ABSOLUTE
    ../clib/signal.c                         0x00000000   Number         0  defsig_rtred_inner.o ABSOLUTE
    ../clib/signal.c                         0x00000000   Number         0  defsig_fpe_inner.o ABSOLUTE
    ../clib/signal.c                         0x00000000   Number         0  defsig_abrt_inner.o ABSOLUTE
    ../clib/signal.c                         0x00000000   Number         0  defsig_pvfn_inner.o ABSOLUTE
    ../clib/signal.c                         0x00000000   Number         0  defsig_general.o ABSOLUTE
    ../clib/signal.c                         0x00000000   Number         0  __raise.o ABSOLUTE
    ../clib/signal.c                         0x00000000   Number         0  defsig_exit.o ABSOLUTE
    ../clib/signal.s                         0x00000000   Number         0  defsig.o ABSOLUTE
    ../clib/stdlib.c                         0x00000000   Number         0  exit.o ABSOLUTE
    ../fplib/d2f.s                           0x00000000   Number         0  d2f.o ABSOLUTE
    ../fplib/daddsub.s                       0x00000000   Number         0  daddsub_clz.o ABSOLUTE
    ../fplib/dcheck1.s                       0x00000000   Number         0  dcheck1.o ABSOLUTE
    ../fplib/dcmpi.s                         0x00000000   Number         0  dcmpi.o ABSOLUTE
    ../fplib/ddiv.s                          0x00000000   Number         0  ddiv.o ABSOLUTE
    ../fplib/dleqf.s                         0x00000000   Number         0  dleqf.o ABSOLUTE
    ../fplib/dmul.s                          0x00000000   Number         0  dmul.o ABSOLUTE
    ../fplib/dnaninf.s                       0x00000000   Number         0  dnaninf.o ABSOLUTE
    ../fplib/dretinf.s                       0x00000000   Number         0  dretinf.o ABSOLUTE
    ../fplib/dsqrt.s                         0x00000000   Number         0  dsqrt_noumaal.o ABSOLUTE
    ../fplib/f2d.s                           0x00000000   Number         0  f2d.o ABSOLUTE
    ../fplib/faddsub.s                       0x00000000   Number         0  faddsub_clz.o ABSOLUTE
    ../fplib/fcmpi.s                         0x00000000   Number         0  fcmpi.o ABSOLUTE
    ../fplib/feqf.s                          0x00000000   Number         0  feqf.o ABSOLUTE
    ../fplib/ffix.s                          0x00000000   Number         0  ffix.o ABSOLUTE
    ../fplib/fflt.s                          0x00000000   Number         0  fflt_clz.o ABSOLUTE
    ../fplib/fleqf.s                         0x00000000   Number         0  fleqf.o ABSOLUTE
    ../fplib/fmul.s                          0x00000000   Number         0  fmul.o ABSOLUTE
    ../fplib/fnaninf.s                       0x00000000   Number         0  fnaninf.o ABSOLUTE
    ../fplib/fpinit.s                        0x00000000   Number         0  fpinit.o ABSOLUTE
    ../fplib/fretinf.s                       0x00000000   Number         0  fretinf.o ABSOLUTE
    ../fplib/frleqf.s                        0x00000000   Number         0  frleqf.o ABSOLUTE
    ../fplib/retnan.s                        0x00000000   Number         0  retnan.o ABSOLUTE
    ../fplib/scalbn.s                        0x00000000   Number         0  scalbn.o ABSOLUTE
    ../fplib/trapv.s                         0x00000000   Number         0  trapv.o ABSOLUTE
    ../fplib/usenofp.s                       0x00000000   Number         0  usenofp.o ABSOLUTE
    ../mathlib/asin.c                        0x00000000   Number         0  asin_x.o ABSOLUTE
    ../mathlib/asin.c                        0x00000000   Number         0  asin.o ABSOLUTE
    ../mathlib/atan.c                        0x00000000   Number         0  atan.o ABSOLUTE
    ../mathlib/atan.c                        0x00000000   Number         0  atan_x.o ABSOLUTE
    ../mathlib/atan2.c                       0x00000000   Number         0  atan2.o ABSOLUTE
    ../mathlib/atan2.c                       0x00000000   Number         0  atan2_x.o ABSOLUTE
    ../mathlib/dunder.c                      0x00000000   Number         0  dunder.o ABSOLUTE
    ../mathlib/fpclassify.c                  0x00000000   Number         0  fpclassify.o ABSOLUTE
    ../mathlib/poly.c                        0x00000000   Number         0  poly.o ABSOLUTE
    ../mathlib/qnan.c                        0x00000000   Number         0  qnan.o ABSOLUTE
    ../mathlib/sqrt.c                        0x00000000   Number         0  sqrt.o ABSOLUTE
    ../mathlib/sqrt.c                        0x00000000   Number         0  sqrt_x.o ABSOLUTE
    ..\\lib\\CMSIS\\CM3\\CoreSupport\\core_cm3.c 0x00000000   Number         0  core_cm3.o ABSOLUTE
    ..\lib\CMSIS\CM3\CoreSupport\core_cm3.c  0x00000000   Number         0  core_cm3.o ABSOLUTE
    ..\lib\CMSIS\CM3\DeviceSupport\ST\STM32F10x\startup\arm\startup_stm32f10x_md.s 0x00000000   Number         0  startup_stm32f10x_md.o ABSOLUTE
    ..\lib\CMSIS\CM3\DeviceSupport\ST\STM32F10x\system_stm32f10x.c 0x00000000   Number         0  system_stm32f10x.o ABSOLUTE
    ..\lib\STM32F10x_StdPeriph_Driver\src\misc.c 0x00000000   Number         0  misc.o ABSOLUTE
    ..\lib\STM32F10x_StdPeriph_Driver\src\stm32f10x_exti.c 0x00000000   Number         0  stm32f10x_exti.o ABSOLUTE
    ..\lib\STM32F10x_StdPeriph_Driver\src\stm32f10x_gpio.c 0x00000000   Number         0  stm32f10x_gpio.o ABSOLUTE
    ..\lib\STM32F10x_StdPeriph_Driver\src\stm32f10x_i2c.c 0x00000000   Number         0  stm32f10x_i2c.o ABSOLUTE
    ..\lib\STM32F10x_StdPeriph_Driver\src\stm32f10x_rcc.c 0x00000000   Number         0  stm32f10x_rcc.o ABSOLUTE
    ..\lib\STM32F10x_StdPeriph_Driver\src\stm32f10x_spi.c 0x00000000   Number         0  stm32f10x_spi.o ABSOLUTE
    ..\lib\STM32F10x_StdPeriph_Driver\src\stm32f10x_tim.c 0x00000000   Number         0  stm32f10x_tim.o ABSOLUTE
    ..\lib\STM32F10x_StdPeriph_Driver\src\stm32f10x_usart.c 0x00000000   Number         0  stm32f10x_usart.o ABSOLUTE
    ..\lib\STM32_USB-FS-Device_Driver\src\otgd_fs_cal.c 0x00000000   Number         0  otgd_fs_cal.o ABSOLUTE
    ..\lib\STM32_USB-FS-Device_Driver\src\otgd_fs_dev.c 0x00000000   Number         0  otgd_fs_dev.o ABSOLUTE
    ..\lib\STM32_USB-FS-Device_Driver\src\otgd_fs_int.c 0x00000000   Number         0  otgd_fs_int.o ABSOLUTE
    ..\lib\STM32_USB-FS-Device_Driver\src\otgd_fs_pcd.c 0x00000000   Number         0  otgd_fs_pcd.o ABSOLUTE
    ..\lib\STM32_USB-FS-Device_Driver\src\usb_core.c 0x00000000   Number         0  usb_core.o ABSOLUTE
    ..\lib\STM32_USB-FS-Device_Driver\src\usb_init.c 0x00000000   Number         0  usb_init.o ABSOLUTE
    ..\lib\STM32_USB-FS-Device_Driver\src\usb_int.c 0x00000000   Number         0  usb_int.o ABSOLUTE
    ..\lib\STM32_USB-FS-Device_Driver\src\usb_mem.c 0x00000000   Number         0  usb_mem.o ABSOLUTE
    ..\lib\STM32_USB-FS-Device_Driver\src\usb_regs.c 0x00000000   Number         0  usb_regs.o ABSOLUTE
    ..\lib\STM32_USB-FS-Device_Driver\src\usb_sil.c 0x00000000   Number         0  usb_sil.o ABSOLUTE
    ..\user\USB\hw_config.c                  0x00000000   Number         0  hw_config.o ABSOLUTE
    ..\user\USB\usb_desc.c                   0x00000000   Number         0  usb_desc.o ABSOLUTE
    ..\user\USB\usb_endp.c                   0x00000000   Number         0  usb_endp.o ABSOLUTE
    ..\user\USB\usb_istr.c                   0x00000000   Number         0  usb_istr.o ABSOLUTE
    ..\user\USB\usb_prop.c                   0x00000000   Number         0  usb_prop.o ABSOLUTE
    ..\user\USB\usb_pwr.c                    0x00000000   Number         0  usb_pwr.o ABSOLUTE
    ..\user\_EXTI4.c                         0x00000000   Number         0  _exti4.o ABSOLUTE
    ..\user\ahrs.c                           0x00000000   Number         0  ahrs.o ABSOLUTE
    ..\user\hmc5883l.c                       0x00000000   Number         0  hmc5883l.o ABSOLUTE
    ..\user\iic.c                            0x00000000   Number         0  iic.o ABSOLUTE
    ..\user\main.c                           0x00000000   Number         0  main.o ABSOLUTE
    ..\user\mpu6050.c                        0x00000000   Number         0  mpu6050.o ABSOLUTE
    ..\user\stm32f10x_it.c                   0x00000000   Number         0  stm32f10x_it.o ABSOLUTE
    ..\user\timer.c                          0x00000000   Number         0  timer.o ABSOLUTE
    ..\user\usart.c                          0x00000000   Number         0  usart.o ABSOLUTE
    dc.s                                     0x00000000   Number         0  dc.o ABSOLUTE
    RESET                                    0x08000000   Section      236  startup_stm32f10x_md.o(RESET)
    !!!main                                  0x080000ec   Section        8  __main.o(!!!main)
    !!!scatter                               0x080000f4   Section       52  __scatter.o(!!!scatter)
    !!handler_copy                           0x08000128   Section       26  __scatter_copy.o(!!handler_copy)
    !!handler_zi                             0x08000144   Section       28  __scatter_zi.o(!!handler_zi)
    .ARM.Collect$$libinit$$00000000          0x08000160   Section        2  libinit.o(.ARM.Collect$$libinit$$00000000)
    .ARM.Collect$$libinit$$00000002          0x08000162   Section        0  libinit2.o(.ARM.Collect$$libinit$$00000002)
    .ARM.Collect$$libinit$$00000004          0x08000162   Section        0  libinit2.o(.ARM.Collect$$libinit$$00000004)
    .ARM.Collect$$libinit$$0000000A          0x08000162   Section        0  libinit2.o(.ARM.Collect$$libinit$$0000000A)
    .ARM.Collect$$libinit$$0000000C          0x08000162   Section        0  libinit2.o(.ARM.Collect$$libinit$$0000000C)
    .ARM.Collect$$libinit$$0000000E          0x08000162   Section        0  libinit2.o(.ARM.Collect$$libinit$$0000000E)
    .ARM.Collect$$libinit$$00000011          0x08000162   Section        0  libinit2.o(.ARM.Collect$$libinit$$00000011)
    .ARM.Collect$$libinit$$00000013          0x08000162   Section        0  libinit2.o(.ARM.Collect$$libinit$$00000013)
    .ARM.Collect$$libinit$$00000015          0x08000162   Section        0  libinit2.o(.ARM.Collect$$libinit$$00000015)
    .ARM.Collect$$libinit$$00000017          0x08000162   Section        0  libinit2.o(.ARM.Collect$$libinit$$00000017)
    .ARM.Collect$$libinit$$00000019          0x08000162   Section        0  libinit2.o(.ARM.Collect$$libinit$$00000019)
    .ARM.Collect$$libinit$$0000001B          0x08000162   Section        0  libinit2.o(.ARM.Collect$$libinit$$0000001B)
    .ARM.Collect$$libinit$$0000001D          0x08000162   Section        0  libinit2.o(.ARM.Collect$$libinit$$0000001D)
    .ARM.Collect$$libinit$$0000001F          0x08000162   Section        0  libinit2.o(.ARM.Collect$$libinit$$0000001F)
    .ARM.Collect$$libinit$$00000021          0x08000162   Section        0  libinit2.o(.ARM.Collect$$libinit$$00000021)
    .ARM.Collect$$libinit$$00000023          0x08000162   Section        0  libinit2.o(.ARM.Collect$$libinit$$00000023)
    .ARM.Collect$$libinit$$00000025          0x08000162   Section        0  libinit2.o(.ARM.Collect$$libinit$$00000025)
    .ARM.Collect$$libinit$$0000002C          0x08000162   Section        0  libinit2.o(.ARM.Collect$$libinit$$0000002C)
    .ARM.Collect$$libinit$$0000002E          0x08000162   Section        0  libinit2.o(.ARM.Collect$$libinit$$0000002E)
    .ARM.Collect$$libinit$$00000030          0x08000162   Section        0  libinit2.o(.ARM.Collect$$libinit$$00000030)
    .ARM.Collect$$libinit$$00000032          0x08000162   Section        0  libinit2.o(.ARM.Collect$$libinit$$00000032)
    .ARM.Collect$$libinit$$00000033          0x08000162   Section        2  libinit2.o(.ARM.Collect$$libinit$$00000033)
    .ARM.Collect$$libshutdown$$00000000      0x08000164   Section        2  libshutdown.o(.ARM.Collect$$libshutdown$$00000000)
    .ARM.Collect$$libshutdown$$00000003      0x08000166   Section        0  libshutdown2.o(.ARM.Collect$$libshutdown$$00000003)
    .ARM.Collect$$libshutdown$$00000006      0x08000166   Section        0  libshutdown2.o(.ARM.Collect$$libshutdown$$00000006)
    .ARM.Collect$$libshutdown$$00000009      0x08000166   Section        0  libshutdown2.o(.ARM.Collect$$libshutdown$$00000009)
    .ARM.Collect$$libshutdown$$0000000B      0x08000166   Section        0  libshutdown2.o(.ARM.Collect$$libshutdown$$0000000B)
    .ARM.Collect$$libshutdown$$0000000E      0x08000166   Section        0  libshutdown2.o(.ARM.Collect$$libshutdown$$0000000E)
    .ARM.Collect$$libshutdown$$0000000F      0x08000166   Section        2  libshutdown2.o(.ARM.Collect$$libshutdown$$0000000F)
    .ARM.Collect$$rtentry$$00000000          0x08000168   Section        0  __rtentry.o(.ARM.Collect$$rtentry$$00000000)
    .ARM.Collect$$rtentry$$00000002          0x08000168   Section        0  __rtentry2.o(.ARM.Collect$$rtentry$$00000002)
    .ARM.Collect$$rtentry$$00000004          0x08000168   Section        6  __rtentry4.o(.ARM.Collect$$rtentry$$00000004)
    .ARM.Collect$$rtentry$$00000009          0x0800016e   Section        0  __rtentry2.o(.ARM.Collect$$rtentry$$00000009)
    .ARM.Collect$$rtentry$$0000000A          0x0800016e   Section        4  __rtentry2.o(.ARM.Collect$$rtentry$$0000000A)
    .ARM.Collect$$rtentry$$0000000C          0x08000172   Section        0  __rtentry2.o(.ARM.Collect$$rtentry$$0000000C)
    .ARM.Collect$$rtentry$$0000000D          0x08000172   Section        8  __rtentry2.o(.ARM.Collect$$rtentry$$0000000D)
    .ARM.Collect$$rtexit$$00000000           0x0800017a   Section        2  rtexit.o(.ARM.Collect$$rtexit$$00000000)
    .ARM.Collect$$rtexit$$00000002           0x0800017c   Section        0  rtexit2.o(.ARM.Collect$$rtexit$$00000002)
    .ARM.Collect$$rtexit$$00000003           0x0800017c   Section        4  rtexit2.o(.ARM.Collect$$rtexit$$00000003)
    .ARM.Collect$$rtexit$$00000004           0x08000180   Section        6  rtexit2.o(.ARM.Collect$$rtexit$$00000004)
    .text                                    0x08000188   Section        0  iic.o(.text)
    .text                                    0x08000330   Section        0  main.o(.text)
    .text                                    0x08000694   Section        0  stm32f10x_it.o(.text)
    .text                                    0x080006f0   Section        0  timer.o(.text)
    .text                                    0x08000750   Section        0  usart.o(.text)
    .text                                    0x080007d0   Section        0  hmc5883l.o(.text)
    .text                                    0x08000858   Section        0  mpu6050.o(.text)
    .text                                    0x08000974   Section        0  ahrs.o(.text)
    .text                                    0x080012b4   Section        0  _exti4.o(.text)
    .text                                    0x08001330   Section        0  stm32f10x_rcc.o(.text)
    .text                                    0x080016d4   Section        0  stm32f10x_tim.o(.text)
    TI4_Config                               0x08001b7b   Thumb Code   130  stm32f10x_tim.o(.text)
    TI3_Config                               0x08001c0f   Thumb Code   122  stm32f10x_tim.o(.text)
    TI2_Config                               0x08001ca3   Thumb Code   130  stm32f10x_tim.o(.text)
    TI1_Config                               0x08001d37   Thumb Code   108  stm32f10x_tim.o(.text)
    .text                                    0x080024f0   Section        0  stm32f10x_usart.o(.text)
    .text                                    0x080028f8   Section        0  stm32f10x_gpio.o(.text)
    .text                                    0x08002c54   Section        0  stm32f10x_i2c.o(.text)
    .text                                    0x08003058   Section        0  misc.o(.text)
    .text                                    0x08003134   Section        0  stm32f10x_exti.o(.text)
    .text                                    0x08003250   Section        0  system_stm32f10x.o(.text)
    SetSysClockTo72                          0x08003251   Thumb Code   214  system_stm32f10x.o(.text)
    SetSysClock                              0x08003327   Thumb Code     8  system_stm32f10x.o(.text)
    .text                                    0x08003430   Section       64  startup_stm32f10x_md.o(.text)
    .text                                    0x08003470   Section        0  heapauxi.o(.text)
    .text                                    0x08003476   Section        0  _rserrno.o(.text)
    .text                                    0x0800348c   Section        8  rt_errno_addr_intlibspace.o(.text)
    .text                                    0x08003494   Section        8  libspace.o(.text)
    .text                                    0x0800349c   Section       74  sys_stackheap_outer.o(.text)
    .text                                    0x080034e6   Section        0  exit.o(.text)
    .text                                    0x080034f4   Section        0  sys_exit.o(.text)
    .text                                    0x08003500   Section        2  use_no_semi.o(.text)
    .text                                    0x08003502   Section        0  indicate_semi.o(.text)
    i.__ARM_fpclassify                       0x08003502   Section        0  fpclassify.o(i.__ARM_fpclassify)
    i.__kernel_poly                          0x0800352a   Section        0  poly.o(i.__kernel_poly)
    i.__mathlib_dbl_infnan                   0x080035d4   Section        0  dunder.o(i.__mathlib_dbl_infnan)
    i.__mathlib_dbl_infnan2                  0x080035da   Section        0  dunder.o(i.__mathlib_dbl_infnan2)
    i.__mathlib_dbl_invalid                  0x080035de   Section        0  dunder.o(i.__mathlib_dbl_invalid)
    i.__mathlib_dbl_underflow                0x080035ec   Section        0  dunder.o(i.__mathlib_dbl_underflow)
    i.asin                                   0x080035fc   Section        0  asin.o(i.asin)
    i.atan                                   0x0800386c   Section        0  atan.o(i.atan)
    i.atan2                                  0x08003a8c   Section        0  atan2.o(i.atan2)
    i.sqrt                                   0x08003c0c   Section        0  sqrt.o(i.sqrt)
    x$fpl$d2f                                0x08003c58   Section       98  d2f.o(x$fpl$d2f)
    x$fpl$dadd                               0x08003cbc   Section      336  daddsub_clz.o(x$fpl$dadd)
    _dadd1                                   0x08003ccd   Thumb Code     0  daddsub_clz.o(x$fpl$dadd)
    x$fpl$dcheck1                            0x08003e0c   Section       16  dcheck1.o(x$fpl$dcheck1)
    x$fpl$ddiv                               0x08003e1c   Section      688  ddiv.o(x$fpl$ddiv)
    ddiv_entry                               0x08003e23   Thumb Code     0  ddiv.o(x$fpl$ddiv)
    x$fpl$dmul                               0x080040cc   Section      340  dmul.o(x$fpl$dmul)
    x$fpl$dnaninf                            0x08004220   Section      156  dnaninf.o(x$fpl$dnaninf)
    x$fpl$dretinf                            0x080042bc   Section       12  dretinf.o(x$fpl$dretinf)
    x$fpl$drsb                               0x080042c8   Section       22  daddsub_clz.o(x$fpl$drsb)
    x$fpl$dsqrt                              0x080042e0   Section      460  dsqrt_noumaal.o(x$fpl$dsqrt)
    x$fpl$dsub                               0x080044ac   Section      468  daddsub_clz.o(x$fpl$dsub)
    _dsub1                                   0x080044bd   Thumb Code     0  daddsub_clz.o(x$fpl$dsub)
    x$fpl$f2d                                0x08004680   Section       86  f2d.o(x$fpl$f2d)
    x$fpl$fadd                               0x080046d8   Section      196  faddsub_clz.o(x$fpl$fadd)
    _fadd1                                   0x080046e7   Thumb Code     0  faddsub_clz.o(x$fpl$fadd)
    x$fpl$fcmpinf                            0x0800479c   Section       24  fcmpi.o(x$fpl$fcmpinf)
    x$fpl$feqf                               0x080047b4   Section      104  feqf.o(x$fpl$feqf)
    x$fpl$ffix                               0x0800481c   Section       54  ffix.o(x$fpl$ffix)
    x$fpl$fflt                               0x08004854   Section       48  fflt_clz.o(x$fpl$fflt)
    x$fpl$fleqf                              0x08004884   Section      104  fleqf.o(x$fpl$fleqf)
    x$fpl$fmul                               0x080048ec   Section      258  fmul.o(x$fpl$fmul)
    x$fpl$fnaninf                            0x080049ee   Section      140  fnaninf.o(x$fpl$fnaninf)
    x$fpl$fretinf                            0x08004a7a   Section       10  fretinf.o(x$fpl$fretinf)
    x$fpl$frleqf                             0x08004a84   Section       98  frleqf.o(x$fpl$frleqf)
    x$fpl$frsb                               0x08004ae6   Section       20  faddsub_clz.o(x$fpl$frsb)
    x$fpl$fsub                               0x08004afc   Section      234  faddsub_clz.o(x$fpl$fsub)
    _fsub1                                   0x08004b0b   Thumb Code     0  faddsub_clz.o(x$fpl$fsub)
    x$fpl$retnan                             0x08004be6   Section      100  retnan.o(x$fpl$retnan)
    x$fpl$scalbn                             0x08004c4a   Section       92  scalbn.o(x$fpl$scalbn)
    x$fpl$trapveneer                         0x08004ca6   Section       48  trapv.o(x$fpl$trapveneer)
    x$fpl$usenofp                            0x08004cd6   Section        0  usenofp.o(x$fpl$usenofp)
    .constdata                               0x08004cd8   Section       80  asin.o(.constdata)
    pS                                       0x08004cd8   Data          48  asin.o(.constdata)
    qS                                       0x08004d08   Data          32  asin.o(.constdata)
    .constdata                               0x08004d28   Section      152  atan.o(.constdata)
    atanhi                                   0x08004d28   Data          32  atan.o(.constdata)
    atanlo                                   0x08004d48   Data          32  atan.o(.constdata)
    aTodd                                    0x08004d68   Data          40  atan.o(.constdata)
    aTeven                                   0x08004d90   Data          48  atan.o(.constdata)
    .constdata                               0x08004dc0   Section        8  qnan.o(.constdata)
    .data                                    0x20000000   Section      102  main.o(.data)
    .data                                    0x20000068   Section       36  ahrs.o(.data)
    .data                                    0x2000008c   Section       20  stm32f10x_rcc.o(.data)
    APBAHBPrescTable                         0x2000008c   Data          16  stm32f10x_rcc.o(.data)
    ADCPrescTable                            0x2000009c   Data           4  stm32f10x_rcc.o(.data)
    .data                                    0x200000a0   Section       20  system_stm32f10x.o(.data)
    .bss                                     0x200000b4   Section       96  libspace.o(.bss)
    HEAP                                     0x20000118   Section      512  startup_stm32f10x_md.o(HEAP)
    Heap_Mem                                 0x20000118   Data         512  startup_stm32f10x_md.o(HEAP)
    STACK                                    0x20000318   Section     1024  startup_stm32f10x_md.o(STACK)
    Stack_Mem                                0x20000318   Data        1024  startup_stm32f10x_md.o(STACK)
    __initial_sp                             0x20000718   Data           0  startup_stm32f10x_md.o(STACK)

    Global Symbols

    Symbol Name                              Value     Ov Type        Size  Object(Section)

    BuildAttributes$$THM_ISAv4$P$D$K$B$S$PE$A:L22UL41UL21$X:L11$S22US41US21$IEEE1$IW$USESV6$~STKCKD$USESV7$~SHL$OTIME$ROPI$IEEEX$EBA8$UX$STANDARDLIB$REQ8$PRES8$EABIv2 0x00000000   Number         0  anon$$obj.o ABSOLUTE
    __ARM_use_no_argv                        0x00000000   Number         0  main.o ABSOLUTE
    __ARM_exceptions_init                     - Undefined Weak Reference
    __alloca_initialize                       - Undefined Weak Reference
    __arm_preinit_                            - Undefined Weak Reference
    __cpp_initialize__aeabi_                  - Undefined Weak Reference
    __cxa_finalize                            - Undefined Weak Reference
    __rt_locale                               - Undefined Weak Reference
    __sigvec_lookup                           - Undefined Weak Reference
    _atexit_init                              - Undefined Weak Reference
    _call_atexit_fns                          - Undefined Weak Reference
    _clock_init                               - Undefined Weak Reference
    _fp_trap_init                             - Undefined Weak Reference
    _fp_trap_shutdown                         - Undefined Weak Reference
    _get_lc_collate                           - Undefined Weak Reference
    _get_lc_ctype                             - Undefined Weak Reference
    _get_lc_monetary                          - Undefined Weak Reference
    _get_lc_numeric                           - Undefined Weak Reference
    _get_lc_time                              - Undefined Weak Reference
    _getenv_init                              - Undefined Weak Reference
    _handle_redirection                       - Undefined Weak Reference
    _init_alloc                               - Undefined Weak Reference
    _init_user_alloc                          - Undefined Weak Reference
    _initio                                   - Undefined Weak Reference
    _rand_init                                - Undefined Weak Reference
    _signal_finish                            - Undefined Weak Reference
    _signal_init                              - Undefined Weak Reference
    _terminate_alloc                          - Undefined Weak Reference
    _terminate_user_alloc                     - Undefined Weak Reference
    _terminateio                              - Undefined Weak Reference
    __Vectors_Size                           0x000000ec   Number         0  startup_stm32f10x_md.o ABSOLUTE
    __Vectors                                0x08000000   Data           4  startup_stm32f10x_md.o(RESET)
    __Vectors_End                            0x080000ec   Data           0  startup_stm32f10x_md.o(RESET)
    __main                                   0x080000ed   Thumb Code     8  __main.o(!!!main)
    __scatterload                            0x080000f5   Thumb Code     0  __scatter.o(!!!scatter)
    __scatterload_rt2                        0x080000f5   Thumb Code    44  __scatter.o(!!!scatter)
    __scatterload_rt2_thumb_only             0x080000f5   Thumb Code     0  __scatter.o(!!!scatter)
    __scatterload_null                       0x08000103   Thumb Code     0  __scatter.o(!!!scatter)
    __scatterload_copy                       0x08000129   Thumb Code    26  __scatter_copy.o(!!handler_copy)
    __scatterload_zeroinit                   0x08000145   Thumb Code    28  __scatter_zi.o(!!handler_zi)
    __rt_lib_init                            0x08000161   Thumb Code     0  libinit.o(.ARM.Collect$$libinit$$00000000)
    __rt_lib_init_alloca_1                   0x08000163   Thumb Code     0  libinit2.o(.ARM.Collect$$libinit$$0000002E)
    __rt_lib_init_argv_1                     0x08000163   Thumb Code     0  libinit2.o(.ARM.Collect$$libinit$$0000002C)
    __rt_lib_init_atexit_1                   0x08000163   Thumb Code     0  libinit2.o(.ARM.Collect$$libinit$$0000001B)
    __rt_lib_init_clock_1                    0x08000163   Thumb Code     0  libinit2.o(.ARM.Collect$$libinit$$00000021)
    __rt_lib_init_cpp_1                      0x08000163   Thumb Code     0  libinit2.o(.ARM.Collect$$libinit$$00000032)
    __rt_lib_init_exceptions_1               0x08000163   Thumb Code     0  libinit2.o(.ARM.Collect$$libinit$$00000030)
    __rt_lib_init_fp_1                       0x08000163   Thumb Code     0  libinit2.o(.ARM.Collect$$libinit$$00000002)
    __rt_lib_init_fp_trap_1                  0x08000163   Thumb Code     0  libinit2.o(.ARM.Collect$$libinit$$0000001F)
    __rt_lib_init_getenv_1                   0x08000163   Thumb Code     0  libinit2.o(.ARM.Collect$$libinit$$00000023)
    __rt_lib_init_heap_1                     0x08000163   Thumb Code     0  libinit2.o(.ARM.Collect$$libinit$$0000000A)
    __rt_lib_init_lc_collate_1               0x08000163   Thumb Code     0  libinit2.o(.ARM.Collect$$libinit$$00000011)
    __rt_lib_init_lc_ctype_1                 0x08000163   Thumb Code     0  libinit2.o(.ARM.Collect$$libinit$$00000013)
    __rt_lib_init_lc_monetary_1              0x08000163   Thumb Code     0  libinit2.o(.ARM.Collect$$libinit$$00000015)
    __rt_lib_init_lc_numeric_1               0x08000163   Thumb Code     0  libinit2.o(.ARM.Collect$$libinit$$00000017)
    __rt_lib_init_lc_time_1                  0x08000163   Thumb Code     0  libinit2.o(.ARM.Collect$$libinit$$00000019)
    __rt_lib_init_preinit_1                  0x08000163   Thumb Code     0  libinit2.o(.ARM.Collect$$libinit$$00000004)
    __rt_lib_init_rand_1                     0x08000163   Thumb Code     0  libinit2.o(.ARM.Collect$$libinit$$0000000E)
    __rt_lib_init_return                     0x08000163   Thumb Code     0  libinit2.o(.ARM.Collect$$libinit$$00000033)
    __rt_lib_init_signal_1                   0x08000163   Thumb Code     0  libinit2.o(.ARM.Collect$$libinit$$0000001D)
    __rt_lib_init_stdio_1                    0x08000163   Thumb Code     0  libinit2.o(.ARM.Collect$$libinit$$00000025)
    __rt_lib_init_user_alloc_1               0x08000163   Thumb Code     0  libinit2.o(.ARM.Collect$$libinit$$0000000C)
    __rt_lib_shutdown                        0x08000165   Thumb Code     0  libshutdown.o(.ARM.Collect$$libshutdown$$00000000)
    __rt_lib_shutdown_fp_trap_1              0x08000167   Thumb Code     0  libshutdown2.o(.ARM.Collect$$libshutdown$$00000006)
    __rt_lib_shutdown_heap_1                 0x08000167   Thumb Code     0  libshutdown2.o(.ARM.Collect$$libshutdown$$0000000E)
    __rt_lib_shutdown_return                 0x08000167   Thumb Code     0  libshutdown2.o(.ARM.Collect$$libshutdown$$0000000F)
    __rt_lib_shutdown_signal_1               0x08000167   Thumb Code     0  libshutdown2.o(.ARM.Collect$$libshutdown$$00000009)
    __rt_lib_shutdown_stdio_1                0x08000167   Thumb Code     0  libshutdown2.o(.ARM.Collect$$libshutdown$$00000003)
    __rt_lib_shutdown_user_alloc_1           0x08000167   Thumb Code     0  libshutdown2.o(.ARM.Collect$$libshutdown$$0000000B)
    __rt_entry                               0x08000169   Thumb Code     0  __rtentry.o(.ARM.Collect$$rtentry$$00000000)
    __rt_entry_presh_1                       0x08000169   Thumb Code     0  __rtentry2.o(.ARM.Collect$$rtentry$$00000002)
    __rt_entry_sh                            0x08000169   Thumb Code     0  __rtentry4.o(.ARM.Collect$$rtentry$$00000004)
    __rt_entry_li                            0x0800016f   Thumb Code     0  __rtentry2.o(.ARM.Collect$$rtentry$$0000000A)
    __rt_entry_postsh_1                      0x0800016f   Thumb Code     0  __rtentry2.o(.ARM.Collect$$rtentry$$00000009)
    __rt_entry_main                          0x08000173   Thumb Code     0  __rtentry2.o(.ARM.Collect$$rtentry$$0000000D)
    __rt_entry_postli_1                      0x08000173   Thumb Code     0  __rtentry2.o(.ARM.Collect$$rtentry$$0000000C)
    __rt_exit                                0x0800017b   Thumb Code     0  rtexit.o(.ARM.Collect$$rtexit$$00000000)
    __rt_exit_ls                             0x0800017d   Thumb Code     0  rtexit2.o(.ARM.Collect$$rtexit$$00000003)
    __rt_exit_prels_1                        0x0800017d   Thumb Code     0  rtexit2.o(.ARM.Collect$$rtexit$$00000002)
    __rt_exit_exit                           0x08000181   Thumb Code     0  rtexit2.o(.ARM.Collect$$rtexit$$00000004)
    iic_init                                 0x08000189   Thumb Code   118  iic.o(.text)
    iic_rw                                   0x080001ff   Thumb Code   286  iic.o(.text)
    delay                                    0x08000331   Thumb Code    10  main.o(.text)
    main                                     0x0800033b   Thumb Code   726  main.o(.text)
    NMI_Handler                              0x08000695   Thumb Code     2  stm32f10x_it.o(.text)
    HardFault_Handler                        0x08000697   Thumb Code     4  stm32f10x_it.o(.text)
    MemManage_Handler                        0x0800069b   Thumb Code     4  stm32f10x_it.o(.text)
    BusFault_Handler                         0x0800069f   Thumb Code     4  stm32f10x_it.o(.text)
    UsageFault_Handler                       0x080006a3   Thumb Code     4  stm32f10x_it.o(.text)
    SVC_Handler                              0x080006a7   Thumb Code     2  stm32f10x_it.o(.text)
    DebugMon_Handler                         0x080006a9   Thumb Code     2  stm32f10x_it.o(.text)
    PendSV_Handler                           0x080006ab   Thumb Code     2  stm32f10x_it.o(.text)
    SysTick_Handler                          0x080006ad   Thumb Code     2  stm32f10x_it.o(.text)
    TIM3_IRQHandler                          0x080006af   Thumb Code    28  stm32f10x_it.o(.text)
    EXTI15_10_IRQHandler                     0x080006cb   Thumb Code    26  stm32f10x_it.o(.text)
    timer_init                               0x080006f1   Thumb Code    92  timer.o(.text)
    usart_init                               0x08000751   Thumb Code   120  usart.o(.text)
    hmc5883l_init                            0x080007d1   Thumb Code    62  hmc5883l.o(.text)
    hmc5883l_get_data                        0x0800080f   Thumb Code    74  hmc5883l.o(.text)
    mpu6050_init                             0x08000859   Thumb Code   122  mpu6050.o(.text)
    mpu6050_get_data                         0x080008d3   Thumb Code   162  mpu6050.o(.text)
    invSqrt                                  0x08000975   Thumb Code    72  ahrs.o(.text)
    get_euler_angle                          0x080009bd   Thumb Code  2274  ahrs.o(.text)
    NVIC_GroupConfig                         0x080012b5   Thumb Code    12  _exti4.o(.text)
    EXTIX_Init                               0x080012c1   Thumb Code   108  _exti4.o(.text)
    RCC_DeInit                               0x08001331   Thumb Code    64  stm32f10x_rcc.o(.text)
    RCC_HSEConfig                            0x08001371   Thumb Code    70  stm32f10x_rcc.o(.text)
    RCC_GetFlagStatus                        0x080013b7   Thumb Code    56  stm32f10x_rcc.o(.text)
    RCC_WaitForHSEStartUp                    0x080013ef   Thumb Code    56  stm32f10x_rcc.o(.text)
    RCC_AdjustHSICalibrationValue            0x08001427   Thumb Code    20  stm32f10x_rcc.o(.text)
    RCC_HSICmd                               0x0800143b   Thumb Code     6  stm32f10x_rcc.o(.text)
    RCC_PLLConfig                            0x08001441   Thumb Code    24  stm32f10x_rcc.o(.text)
    RCC_PLLCmd                               0x08001459   Thumb Code     6  stm32f10x_rcc.o(.text)
    RCC_SYSCLKConfig                         0x0800145f   Thumb Code    18  stm32f10x_rcc.o(.text)
    RCC_GetSYSCLKSource                      0x08001471   Thumb Code    10  stm32f10x_rcc.o(.text)
    RCC_HCLKConfig                           0x0800147b   Thumb Code    18  stm32f10x_rcc.o(.text)
    RCC_PCLK1Config                          0x0800148d   Thumb Code    18  stm32f10x_rcc.o(.text)
    RCC_PCLK2Config                          0x0800149f   Thumb Code    20  stm32f10x_rcc.o(.text)
    RCC_ITConfig                             0x080014b3   Thumb Code    26  stm32f10x_rcc.o(.text)
    RCC_USBCLKConfig                         0x080014cd   Thumb Code     8  stm32f10x_rcc.o(.text)
    RCC_ADCCLKConfig                         0x080014d5   Thumb Code    18  stm32f10x_rcc.o(.text)
    RCC_LSEConfig                            0x080014e7   Thumb Code    50  stm32f10x_rcc.o(.text)
    RCC_LSICmd                               0x08001519   Thumb Code     6  stm32f10x_rcc.o(.text)
    RCC_RTCCLKConfig                         0x0800151f   Thumb Code    12  stm32f10x_rcc.o(.text)
    RCC_RTCCLKCmd                            0x0800152b   Thumb Code     8  stm32f10x_rcc.o(.text)
    RCC_GetClocksFreq                        0x08001533   Thumb Code   192  stm32f10x_rcc.o(.text)
    RCC_AHBPeriphClockCmd                    0x080015f3   Thumb Code    26  stm32f10x_rcc.o(.text)
    RCC_APB2PeriphClockCmd                   0x0800160d   Thumb Code    26  stm32f10x_rcc.o(.text)
    RCC_APB1PeriphClockCmd                   0x08001627   Thumb Code    26  stm32f10x_rcc.o(.text)
    RCC_APB2PeriphResetCmd                   0x08001641   Thumb Code    26  stm32f10x_rcc.o(.text)
    RCC_APB1PeriphResetCmd                   0x0800165b   Thumb Code    26  stm32f10x_rcc.o(.text)
    RCC_BackupResetCmd                       0x08001675   Thumb Code     8  stm32f10x_rcc.o(.text)
    RCC_ClockSecuritySystemCmd               0x0800167d   Thumb Code     6  stm32f10x_rcc.o(.text)
    RCC_MCOConfig                            0x08001683   Thumb Code     6  stm32f10x_rcc.o(.text)
    RCC_ClearFlag                            0x08001689   Thumb Code    14  stm32f10x_rcc.o(.text)
    RCC_GetITStatus                          0x08001697   Thumb Code    20  stm32f10x_rcc.o(.text)
    RCC_ClearITPendingBit                    0x080016ab   Thumb Code     6  stm32f10x_rcc.o(.text)
    TIM_DeInit                               0x080016d5   Thumb Code   424  stm32f10x_tim.o(.text)
    TIM_TimeBaseInit                         0x0800187d   Thumb Code   122  stm32f10x_tim.o(.text)
    TIM_OC1Init                              0x080018f7   Thumb Code   132  stm32f10x_tim.o(.text)
    TIM_OC2Init                              0x0800197b   Thumb Code   154  stm32f10x_tim.o(.text)
    TIM_OC3Init                              0x08001a15   Thumb Code   150  stm32f10x_tim.o(.text)
    TIM_OC4Init                              0x08001aab   Thumb Code   182  stm32f10x_tim.o(.text)
    TIM_SetIC4Prescaler                      0x08001b61   Thumb Code    26  stm32f10x_tim.o(.text)
    TIM_SetIC3Prescaler                      0x08001bfd   Thumb Code    18  stm32f10x_tim.o(.text)
    TIM_SetIC2Prescaler                      0x08001c89   Thumb Code    26  stm32f10x_tim.o(.text)
    TIM_SetIC1Prescaler                      0x08001d25   Thumb Code    18  stm32f10x_tim.o(.text)
    TIM_ICInit                               0x08001da3   Thumb Code   150  stm32f10x_tim.o(.text)
    TIM_PWMIConfig                           0x08001e39   Thumb Code   124  stm32f10x_tim.o(.text)
    TIM_BDTRConfig                           0x08001eb5   Thumb Code    32  stm32f10x_tim.o(.text)
    TIM_TimeBaseStructInit                   0x08001ed5   Thumb Code    18  stm32f10x_tim.o(.text)
    TIM_OCStructInit                         0x08001ee7   Thumb Code    20  stm32f10x_tim.o(.text)
    TIM_ICStructInit                         0x08001efb   Thumb Code    18  stm32f10x_tim.o(.text)
    TIM_BDTRStructInit                       0x08001f0d   Thumb Code    40  stm32f10x_tim.o(.text)
    TIM_Cmd                                  0x08001f35   Thumb Code    24  stm32f10x_tim.o(.text)
    TIM_CtrlPWMOutputs                       0x08001f4d   Thumb Code    30  stm32f10x_tim.o(.text)
    TIM_ITConfig                             0x08001f6b   Thumb Code    18  stm32f10x_tim.o(.text)
    TIM_GenerateEvent                        0x08001f7d   Thumb Code     4  stm32f10x_tim.o(.text)
    TIM_DMAConfig                            0x08001f81   Thumb Code    10  stm32f10x_tim.o(.text)
    TIM_DMACmd                               0x08001f8b   Thumb Code    18  stm32f10x_tim.o(.text)
    TIM_InternalClockConfig                  0x08001f9d   Thumb Code    12  stm32f10x_tim.o(.text)
    TIM_SelectInputTrigger                   0x08001fa9   Thumb Code    18  stm32f10x_tim.o(.text)
    TIM_ITRxExternalClockConfig              0x08001fbb   Thumb Code    24  stm32f10x_tim.o(.text)
    TIM_TIxExternalClockConfig               0x08001fd3   Thumb Code    62  stm32f10x_tim.o(.text)
    TIM_ETRConfig                            0x08002011   Thumb Code    28  stm32f10x_tim.o(.text)
    TIM_ETRClockMode1Config                  0x0800202d   Thumb Code    54  stm32f10x_tim.o(.text)
    TIM_ETRClockMode2Config                  0x08002063   Thumb Code    32  stm32f10x_tim.o(.text)
    TIM_PrescalerConfig                      0x08002083   Thumb Code     6  stm32f10x_tim.o(.text)
    TIM_CounterModeConfig                    0x08002089   Thumb Code    18  stm32f10x_tim.o(.text)
    TIM_EncoderInterfaceConfig               0x0800209b   Thumb Code    66  stm32f10x_tim.o(.text)
    TIM_ForcedOC1Config                      0x080020dd   Thumb Code    18  stm32f10x_tim.o(.text)
    TIM_ForcedOC2Config                      0x080020ef   Thumb Code    26  stm32f10x_tim.o(.text)
    TIM_ForcedOC3Config                      0x08002109   Thumb Code    18  stm32f10x_tim.o(.text)
    TIM_ForcedOC4Config                      0x0800211b   Thumb Code    26  stm32f10x_tim.o(.text)
    TIM_ARRPreloadConfig                     0x08002135   Thumb Code    24  stm32f10x_tim.o(.text)
    TIM_SelectCOM                            0x0800214d   Thumb Code    24  stm32f10x_tim.o(.text)
    TIM_SelectCCDMA                          0x08002165   Thumb Code    24  stm32f10x_tim.o(.text)
    TIM_CCPreloadControl                     0x0800217d   Thumb Code    24  stm32f10x_tim.o(.text)
    TIM_OC1PreloadConfig                     0x08002195   Thumb Code    18  stm32f10x_tim.o(.text)
    TIM_OC2PreloadConfig                     0x080021a7   Thumb Code    26  stm32f10x_tim.o(.text)
    TIM_OC3PreloadConfig                     0x080021c1   Thumb Code    18  stm32f10x_tim.o(.text)
    TIM_OC4PreloadConfig                     0x080021d3   Thumb Code    26  stm32f10x_tim.o(.text)
    TIM_OC1FastConfig                        0x080021ed   Thumb Code    18  stm32f10x_tim.o(.text)
    TIM_OC2FastConfig                        0x080021ff   Thumb Code    26  stm32f10x_tim.o(.text)
    TIM_OC3FastConfig                        0x08002219   Thumb Code    18  stm32f10x_tim.o(.text)
    TIM_OC4FastConfig                        0x0800222b   Thumb Code    26  stm32f10x_tim.o(.text)
    TIM_ClearOC1Ref                          0x08002245   Thumb Code    18  stm32f10x_tim.o(.text)
    TIM_ClearOC2Ref                          0x08002257   Thumb Code    24  stm32f10x_tim.o(.text)
    TIM_ClearOC3Ref                          0x0800226f   Thumb Code    18  stm32f10x_tim.o(.text)
    TIM_ClearOC4Ref                          0x08002281   Thumb Code    24  stm32f10x_tim.o(.text)
    TIM_OC1PolarityConfig                    0x08002299   Thumb Code    18  stm32f10x_tim.o(.text)
    TIM_OC1NPolarityConfig                   0x080022ab   Thumb Code    18  stm32f10x_tim.o(.text)
    TIM_OC2PolarityConfig                    0x080022bd   Thumb Code    26  stm32f10x_tim.o(.text)
    TIM_OC2NPolarityConfig                   0x080022d7   Thumb Code    26  stm32f10x_tim.o(.text)
    TIM_OC3PolarityConfig                    0x080022f1   Thumb Code    26  stm32f10x_tim.o(.text)
    TIM_OC3NPolarityConfig                   0x0800230b   Thumb Code    26  stm32f10x_tim.o(.text)
    TIM_OC4PolarityConfig                    0x08002325   Thumb Code    26  stm32f10x_tim.o(.text)
    TIM_CCxCmd                               0x0800233f   Thumb Code    30  stm32f10x_tim.o(.text)
    TIM_CCxNCmd                              0x0800235d   Thumb Code    30  stm32f10x_tim.o(.text)
    TIM_SelectOCxM                           0x0800237b   Thumb Code    82  stm32f10x_tim.o(.text)
    TIM_UpdateDisableConfig                  0x080023cd   Thumb Code    24  stm32f10x_tim.o(.text)
    TIM_UpdateRequestConfig                  0x080023e5   Thumb Code    24  stm32f10x_tim.o(.text)
    TIM_SelectHallSensor                     0x080023fd   Thumb Code    24  stm32f10x_tim.o(.text)
    TIM_SelectOnePulseMode                   0x08002415   Thumb Code    18  stm32f10x_tim.o(.text)
    TIM_SelectOutputTrigger                  0x08002427   Thumb Code    18  stm32f10x_tim.o(.text)
    TIM_SelectSlaveMode                      0x08002439   Thumb Code    18  stm32f10x_tim.o(.text)
    TIM_SelectMasterSlaveMode                0x0800244b   Thumb Code    18  stm32f10x_tim.o(.text)
    TIM_SetCounter                           0x0800245d   Thumb Code     4  stm32f10x_tim.o(.text)
    TIM_SetAutoreload                        0x08002461   Thumb Code     4  stm32f10x_tim.o(.text)
    TIM_SetCompare1                          0x08002465   Thumb Code     4  stm32f10x_tim.o(.text)
    TIM_SetCompare2                          0x08002469   Thumb Code     4  stm32f10x_tim.o(.text)
    TIM_SetCompare3                          0x0800246d   Thumb Code     4  stm32f10x_tim.o(.text)
    TIM_SetCompare4                          0x08002471   Thumb Code     6  stm32f10x_tim.o(.text)
    TIM_SetClockDivision                     0x08002477   Thumb Code    18  stm32f10x_tim.o(.text)
    TIM_GetCapture1                          0x08002489   Thumb Code     6  stm32f10x_tim.o(.text)
    TIM_GetCapture2                          0x0800248f   Thumb Code     6  stm32f10x_tim.o(.text)
    TIM_GetCapture3                          0x08002495   Thumb Code     6  stm32f10x_tim.o(.text)
    TIM_GetCapture4                          0x0800249b   Thumb Code     8  stm32f10x_tim.o(.text)
    TIM_GetCounter                           0x080024a3   Thumb Code     6  stm32f10x_tim.o(.text)
    TIM_GetPrescaler                         0x080024a9   Thumb Code     6  stm32f10x_tim.o(.text)
    TIM_GetFlagStatus                        0x080024af   Thumb Code    18  stm32f10x_tim.o(.text)
    TIM_ClearFlag                            0x080024c1   Thumb Code     6  stm32f10x_tim.o(.text)
    TIM_GetITStatus                          0x080024c7   Thumb Code    34  stm32f10x_tim.o(.text)
    TIM_ClearITPendingBit                    0x080024e9   Thumb Code     6  stm32f10x_tim.o(.text)
    USART_DeInit                             0x080024f1   Thumb Code   134  stm32f10x_usart.o(.text)
    USART_Init                               0x08002577   Thumb Code   210  stm32f10x_usart.o(.text)
    USART_StructInit                         0x08002649   Thumb Code    24  stm32f10x_usart.o(.text)
    USART_ClockInit                          0x08002661   Thumb Code    34  stm32f10x_usart.o(.text)
    USART_ClockStructInit                    0x08002683   Thumb Code    12  stm32f10x_usart.o(.text)
    USART_Cmd                                0x0800268f   Thumb Code    24  stm32f10x_usart.o(.text)
    USART_ITConfig                           0x080026a7   Thumb Code    74  stm32f10x_usart.o(.text)
    USART_DMACmd                             0x080026f1   Thumb Code    18  stm32f10x_usart.o(.text)
    USART_SetAddress                         0x08002703   Thumb Code    18  stm32f10x_usart.o(.text)
    USART_WakeUpConfig                       0x08002715   Thumb Code    18  stm32f10x_usart.o(.text)
    USART_ReceiverWakeUpCmd                  0x08002727   Thumb Code    24  stm32f10x_usart.o(.text)
    USART_LINBreakDetectLengthConfig         0x0800273f   Thumb Code    18  stm32f10x_usart.o(.text)
    USART_LINCmd                             0x08002751   Thumb Code    24  stm32f10x_usart.o(.text)
    USART_SendData                           0x08002769   Thumb Code     8  stm32f10x_usart.o(.text)
    USART_ReceiveData                        0x08002771   Thumb Code    10  stm32f10x_usart.o(.text)
    USART_SendBreak                          0x0800277b   Thumb Code    10  stm32f10x_usart.o(.text)
    USART_SetGuardTime                       0x08002785   Thumb Code    16  stm32f10x_usart.o(.text)
    USART_SetPrescaler                       0x08002795   Thumb Code    16  stm32f10x_usart.o(.text)
    USART_SmartCardCmd                       0x080027a5   Thumb Code    24  stm32f10x_usart.o(.text)
    USART_SmartCardNACKCmd                   0x080027bd   Thumb Code    24  stm32f10x_usart.o(.text)
    USART_HalfDuplexCmd                      0x080027d5   Thumb Code    24  stm32f10x_usart.o(.text)
    USART_OverSampling8Cmd                   0x080027ed   Thumb Code    22  stm32f10x_usart.o(.text)
    USART_OneBitMethodCmd                    0x08002803   Thumb Code    24  stm32f10x_usart.o(.text)
    USART_IrDAConfig                         0x0800281b   Thumb Code    18  stm32f10x_usart.o(.text)
    USART_IrDACmd                            0x0800282d   Thumb Code    24  stm32f10x_usart.o(.text)
    USART_GetFlagStatus                      0x08002845   Thumb Code    26  stm32f10x_usart.o(.text)
    USART_ClearFlag                          0x0800285f   Thumb Code    18  stm32f10x_usart.o(.text)
    USART_GetITStatus                        0x08002871   Thumb Code    84  stm32f10x_usart.o(.text)
    USART_ClearITPendingBit                  0x080028c5   Thumb Code    52  stm32f10x_usart.o(.text)
    GPIO_DeInit                              0x080028f9   Thumb Code   172  stm32f10x_gpio.o(.text)
    GPIO_AFIODeInit                          0x080029a5   Thumb Code    20  stm32f10x_gpio.o(.text)
    GPIO_Init                                0x080029b9   Thumb Code   278  stm32f10x_gpio.o(.text)
    GPIO_StructInit                          0x08002acf   Thumb Code    16  stm32f10x_gpio.o(.text)
    GPIO_ReadInputDataBit                    0x08002adf   Thumb Code    18  stm32f10x_gpio.o(.text)
    GPIO_ReadInputData                       0x08002af1   Thumb Code     8  stm32f10x_gpio.o(.text)
    GPIO_ReadOutputDataBit                   0x08002af9   Thumb Code    18  stm32f10x_gpio.o(.text)
    GPIO_ReadOutputData                      0x08002b0b   Thumb Code     8  stm32f10x_gpio.o(.text)
    GPIO_SetBits                             0x08002b13   Thumb Code     4  stm32f10x_gpio.o(.text)
    GPIO_ResetBits                           0x08002b17   Thumb Code     4  stm32f10x_gpio.o(.text)
    GPIO_WriteBit                            0x08002b1b   Thumb Code    10  stm32f10x_gpio.o(.text)
    GPIO_Write                               0x08002b25   Thumb Code     4  stm32f10x_gpio.o(.text)
    GPIO_PinLockConfig                       0x08002b29   Thumb Code    18  stm32f10x_gpio.o(.text)
    GPIO_EventOutputConfig                   0x08002b3b   Thumb Code    26  stm32f10x_gpio.o(.text)
    GPIO_EventOutputCmd                      0x08002b55   Thumb Code     6  stm32f10x_gpio.o(.text)
    GPIO_PinRemapConfig                      0x08002b5b   Thumb Code   138  stm32f10x_gpio.o(.text)
    GPIO_EXTILineConfig                      0x08002be5   Thumb Code    66  stm32f10x_gpio.o(.text)
    GPIO_ETH_MediaInterfaceConfig            0x08002c27   Thumb Code     8  stm32f10x_gpio.o(.text)
    I2C_DeInit                               0x08002c55   Thumb Code    50  stm32f10x_i2c.o(.text)
    I2C_Init                                 0x08002c87   Thumb Code   222  stm32f10x_i2c.o(.text)
    I2C_StructInit                           0x08002d65   Thumb Code    30  stm32f10x_i2c.o(.text)
    I2C_Cmd                                  0x08002d83   Thumb Code    24  stm32f10x_i2c.o(.text)
    I2C_DMACmd                               0x08002d9b   Thumb Code    24  stm32f10x_i2c.o(.text)
    I2C_DMALastTransferCmd                   0x08002db3   Thumb Code    24  stm32f10x_i2c.o(.text)
    I2C_GenerateSTART                        0x08002dcb   Thumb Code    24  stm32f10x_i2c.o(.text)
    I2C_GenerateSTOP                         0x08002de3   Thumb Code    24  stm32f10x_i2c.o(.text)
    I2C_AcknowledgeConfig                    0x08002dfb   Thumb Code    24  stm32f10x_i2c.o(.text)
    I2C_OwnAddress2Config                    0x08002e13   Thumb Code    22  stm32f10x_i2c.o(.text)
    I2C_DualAddressCmd                       0x08002e29   Thumb Code    24  stm32f10x_i2c.o(.text)
    I2C_GeneralCallCmd                       0x08002e41   Thumb Code    24  stm32f10x_i2c.o(.text)
    I2C_ITConfig                             0x08002e59   Thumb Code    18  stm32f10x_i2c.o(.text)
    I2C_SendData                             0x08002e6b   Thumb Code     4  stm32f10x_i2c.o(.text)
    I2C_ReceiveData                          0x08002e6f   Thumb Code     8  stm32f10x_i2c.o(.text)
    I2C_Send7bitAddress                      0x08002e77   Thumb Code    18  stm32f10x_i2c.o(.text)
    I2C_ReadRegister                         0x08002e89   Thumb Code    22  stm32f10x_i2c.o(.text)
    I2C_SoftwareResetCmd                     0x08002e9f   Thumb Code    22  stm32f10x_i2c.o(.text)
    I2C_NACKPositionConfig                   0x08002eb5   Thumb Code    28  stm32f10x_i2c.o(.text)
    I2C_SMBusAlertConfig                     0x08002ed1   Thumb Code    28  stm32f10x_i2c.o(.text)
    I2C_TransmitPEC                          0x08002eed   Thumb Code    24  stm32f10x_i2c.o(.text)
    I2C_PECPositionConfig                    0x08002f05   Thumb Code    28  stm32f10x_i2c.o(.text)
    I2C_CalculatePEC                         0x08002f21   Thumb Code    24  stm32f10x_i2c.o(.text)
    I2C_GetPEC                               0x08002f39   Thumb Code     8  stm32f10x_i2c.o(.text)
    I2C_ARPCmd                               0x08002f41   Thumb Code    24  stm32f10x_i2c.o(.text)
    I2C_StretchClockCmd                      0x08002f59   Thumb Code    24  stm32f10x_i2c.o(.text)
    I2C_FastModeDutyCycleConfig              0x08002f71   Thumb Code    28  stm32f10x_i2c.o(.text)
    I2C_CheckEvent                           0x08002f8d   Thumb Code    42  stm32f10x_i2c.o(.text)
    I2C_GetLastEvent                         0x08002fb7   Thumb Code    26  stm32f10x_i2c.o(.text)
    I2C_GetFlagStatus                        0x08002fd1   Thumb Code    58  stm32f10x_i2c.o(.text)
    I2C_ClearFlag                            0x0800300b   Thumb Code    12  stm32f10x_i2c.o(.text)
    I2C_GetITStatus                          0x08003017   Thumb Code    54  stm32f10x_i2c.o(.text)
    I2C_ClearITPendingBit                    0x0800304d   Thumb Code    12  stm32f10x_i2c.o(.text)
    NVIC_PriorityGroupConfig                 0x08003059   Thumb Code    10  misc.o(.text)
    NVIC_Init                                0x08003063   Thumb Code   100  misc.o(.text)
    NVIC_SetVectorTable                      0x080030c7   Thumb Code    14  misc.o(.text)
    NVIC_SystemLPConfig                      0x080030d5   Thumb Code    34  misc.o(.text)
    SysTick_CLKSourceConfig                  0x080030f7   Thumb Code    40  misc.o(.text)
    EXTI_DeInit                              0x08003135   Thumb Code    28  stm32f10x_exti.o(.text)
    EXTI_Init                                0x08003151   Thumb Code   142  stm32f10x_exti.o(.text)
    EXTI_StructInit                          0x080031df   Thumb Code    16  stm32f10x_exti.o(.text)
    EXTI_GenerateSWInterrupt                 0x080031ef   Thumb Code    16  stm32f10x_exti.o(.text)
    EXTI_GetFlagStatus                       0x080031ff   Thumb Code    22  stm32f10x_exti.o(.text)
    EXTI_ClearFlag                           0x08003215   Thumb Code     8  stm32f10x_exti.o(.text)
    EXTI_GetITStatus                         0x0800321d   Thumb Code    34  stm32f10x_exti.o(.text)
    EXTI_ClearITPendingBit                   0x0800323f   Thumb Code     8  stm32f10x_exti.o(.text)
    SystemInit                               0x0800332f   Thumb Code    78  system_stm32f10x.o(.text)
    SystemCoreClockUpdate                    0x0800337d   Thumb Code   142  system_stm32f10x.o(.text)
    Reset_Handler                            0x08003431   Thumb Code     8  startup_stm32f10x_md.o(.text)
    ADC1_2_IRQHandler                        0x0800344b   Thumb Code     0  startup_stm32f10x_md.o(.text)
    CAN1_RX1_IRQHandler                      0x0800344b   Thumb Code     0  startup_stm32f10x_md.o(.text)
    CAN1_SCE_IRQHandler                      0x0800344b   Thumb Code     0  startup_stm32f10x_md.o(.text)
    DMA1_Channel1_IRQHandler                 0x0800344b   Thumb Code     0  startup_stm32f10x_md.o(.text)
    DMA1_Channel2_IRQHandler                 0x0800344b   Thumb Code     0  startup_stm32f10x_md.o(.text)
    DMA1_Channel3_IRQHandler                 0x0800344b   Thumb Code     0  startup_stm32f10x_md.o(.text)
    DMA1_Channel4_IRQHandler                 0x0800344b   Thumb Code     0  startup_stm32f10x_md.o(.text)
    DMA1_Channel5_IRQHandler                 0x0800344b   Thumb Code     0  startup_stm32f10x_md.o(.text)
    DMA1_Channel6_IRQHandler                 0x0800344b   Thumb Code     0  startup_stm32f10x_md.o(.text)
    DMA1_Channel7_IRQHandler                 0x0800344b   Thumb Code     0  startup_stm32f10x_md.o(.text)
    EXTI0_IRQHandler                         0x0800344b   Thumb Code     0  startup_stm32f10x_md.o(.text)
    EXTI1_IRQHandler                         0x0800344b   Thumb Code     0  startup_stm32f10x_md.o(.text)
    EXTI2_IRQHandler                         0x0800344b   Thumb Code     0  startup_stm32f10x_md.o(.text)
    EXTI3_IRQHandler                         0x0800344b   Thumb Code     0  startup_stm32f10x_md.o(.text)
    EXTI4_IRQHandler                         0x0800344b   Thumb Code     0  startup_stm32f10x_md.o(.text)
    EXTI9_5_IRQHandler                       0x0800344b   Thumb Code     0  startup_stm32f10x_md.o(.text)
    FLASH_IRQHandler                         0x0800344b   Thumb Code     0  startup_stm32f10x_md.o(.text)
    I2C1_ER_IRQHandler                       0x0800344b   Thumb Code     0  startup_stm32f10x_md.o(.text)
    I2C1_EV_IRQHandler                       0x0800344b   Thumb Code     0  startup_stm32f10x_md.o(.text)
    I2C2_ER_IRQHandler                       0x0800344b   Thumb Code     0  startup_stm32f10x_md.o(.text)
    I2C2_EV_IRQHandler                       0x0800344b   Thumb Code     0  startup_stm32f10x_md.o(.text)
    PVD_IRQHandler                           0x0800344b   Thumb Code     0  startup_stm32f10x_md.o(.text)
    RCC_IRQHandler                           0x0800344b   Thumb Code     0  startup_stm32f10x_md.o(.text)
    RTCAlarm_IRQHandler                      0x0800344b   Thumb Code     0  startup_stm32f10x_md.o(.text)
    RTC_IRQHandler                           0x0800344b   Thumb Code     0  startup_stm32f10x_md.o(.text)
    SPI1_IRQHandler                          0x0800344b   Thumb Code     0  startup_stm32f10x_md.o(.text)
    SPI2_IRQHandler                          0x0800344b   Thumb Code     0  startup_stm32f10x_md.o(.text)
    TAMPER_IRQHandler                        0x0800344b   Thumb Code     0  startup_stm32f10x_md.o(.text)
    TIM1_BRK_IRQHandler                      0x0800344b   Thumb Code     0  startup_stm32f10x_md.o(.text)
    TIM1_CC_IRQHandler                       0x0800344b   Thumb Code     0  startup_stm32f10x_md.o(.text)
    TIM1_TRG_COM_IRQHandler                  0x0800344b   Thumb Code     0  startup_stm32f10x_md.o(.text)
    TIM1_UP_IRQHandler                       0x0800344b   Thumb Code     0  startup_stm32f10x_md.o(.text)
    TIM2_IRQHandler                          0x0800344b   Thumb Code     0  startup_stm32f10x_md.o(.text)
    TIM4_IRQHandler                          0x0800344b   Thumb Code     0  startup_stm32f10x_md.o(.text)
    USART1_IRQHandler                        0x0800344b   Thumb Code     0  startup_stm32f10x_md.o(.text)
    USART2_IRQHandler                        0x0800344b   Thumb Code     0  startup_stm32f10x_md.o(.text)
    USART3_IRQHandler                        0x0800344b   Thumb Code     0  startup_stm32f10x_md.o(.text)
    USBWakeUp_IRQHandler                     0x0800344b   Thumb Code     0  startup_stm32f10x_md.o(.text)
    USB_HP_CAN1_TX_IRQHandler                0x0800344b   Thumb Code     0  startup_stm32f10x_md.o(.text)
    USB_LP_CAN1_RX0_IRQHandler               0x0800344b   Thumb Code     0  startup_stm32f10x_md.o(.text)
    WWDG_IRQHandler                          0x0800344b   Thumb Code     0  startup_stm32f10x_md.o(.text)
    __user_initial_stackheap                 0x0800344d   Thumb Code     0  startup_stm32f10x_md.o(.text)
    __use_two_region_memory                  0x08003471   Thumb Code     2  heapauxi.o(.text)
    __rt_heap_escrow$2region                 0x08003473   Thumb Code     2  heapauxi.o(.text)
    __rt_heap_expand$2region                 0x08003475   Thumb Code     2  heapauxi.o(.text)
    __read_errno                             0x08003477   Thumb Code    10  _rserrno.o(.text)
    __set_errno                              0x08003481   Thumb Code    12  _rserrno.o(.text)
    __aeabi_errno_addr                       0x0800348d   Thumb Code     8  rt_errno_addr_intlibspace.o(.text)
    __errno$intlibspace                      0x0800348d   Thumb Code     0  rt_errno_addr_intlibspace.o(.text)
    __rt_errno_addr$intlibspace              0x0800348d   Thumb Code     0  rt_errno_addr_intlibspace.o(.text)
    __user_libspace                          0x08003495   Thumb Code     8  libspace.o(.text)
    __user_perproc_libspace                  0x08003495   Thumb Code     0  libspace.o(.text)
    __user_perthread_libspace                0x08003495   Thumb Code     0  libspace.o(.text)
    __user_setup_stackheap                   0x0800349d   Thumb Code    74  sys_stackheap_outer.o(.text)
    exit                                     0x080034e7   Thumb Code    12  exit.o(.text)
    _sys_exit                                0x080034f5   Thumb Code     8  sys_exit.o(.text)
    __I$use$semihosting                      0x08003501   Thumb Code     0  use_no_semi.o(.text)
    __use_no_semihosting_swi                 0x08003501   Thumb Code     2  use_no_semi.o(.text)
    __ARM_fpclassify                         0x08003503   Thumb Code    40  fpclassify.o(i.__ARM_fpclassify)
    __semihosting_library_function           0x08003503   Thumb Code     0  indicate_semi.o(.text)
    __kernel_poly                            0x0800352b   Thumb Code   170  poly.o(i.__kernel_poly)
    __mathlib_dbl_infnan                     0x080035d5   Thumb Code     6  dunder.o(i.__mathlib_dbl_infnan)
    __mathlib_dbl_infnan2                    0x080035db   Thumb Code     4  dunder.o(i.__mathlib_dbl_infnan2)
    __mathlib_dbl_invalid                    0x080035df   Thumb Code    12  dunder.o(i.__mathlib_dbl_invalid)
    __mathlib_dbl_underflow                  0x080035ed   Thumb Code    10  dunder.o(i.__mathlib_dbl_underflow)
    asin                                     0x080035fd   Thumb Code   572  asin.o(i.asin)
    atan                                     0x0800386d   Thumb Code   474  atan.o(i.atan)
    atan2                                    0x08003a8d   Thumb Code   346  atan2.o(i.atan2)
    sqrt                                     0x08003c0d   Thumb Code    76  sqrt.o(i.sqrt)
    __aeabi_d2f                              0x08003c59   Thumb Code     0  d2f.o(x$fpl$d2f)
    _d2f                                     0x08003c59   Thumb Code    98  d2f.o(x$fpl$d2f)
    __aeabi_dadd                             0x08003cbd   Thumb Code     0  daddsub_clz.o(x$fpl$dadd)
    _dadd                                    0x08003cbd   Thumb Code   332  daddsub_clz.o(x$fpl$dadd)
    __fpl_dcheck_NaN1                        0x08003e0d   Thumb Code    10  dcheck1.o(x$fpl$dcheck1)
    __aeabi_ddiv                             0x08003e1d   Thumb Code     0  ddiv.o(x$fpl$ddiv)
    _ddiv                                    0x08003e1d   Thumb Code   552  ddiv.o(x$fpl$ddiv)
    __aeabi_dmul                             0x080040cd   Thumb Code     0  dmul.o(x$fpl$dmul)
    _dmul                                    0x080040cd   Thumb Code   332  dmul.o(x$fpl$dmul)
    __fpl_dnaninf                            0x08004221   Thumb Code   156  dnaninf.o(x$fpl$dnaninf)
    __fpl_dretinf                            0x080042bd   Thumb Code    12  dretinf.o(x$fpl$dretinf)
    __aeabi_drsub                            0x080042c9   Thumb Code     0  daddsub_clz.o(x$fpl$drsb)
    _drsb                                    0x080042c9   Thumb Code    22  daddsub_clz.o(x$fpl$drsb)
    _dsqrt                                   0x080042e1   Thumb Code   456  dsqrt_noumaal.o(x$fpl$dsqrt)
    __aeabi_dsub                             0x080044ad   Thumb Code     0  daddsub_clz.o(x$fpl$dsub)
    _dsub                                    0x080044ad   Thumb Code   464  daddsub_clz.o(x$fpl$dsub)
    __aeabi_f2d                              0x08004681   Thumb Code     0  f2d.o(x$fpl$f2d)
    _f2d                                     0x08004681   Thumb Code    86  f2d.o(x$fpl$f2d)
    __aeabi_fadd                             0x080046d9   Thumb Code     0  faddsub_clz.o(x$fpl$fadd)
    _fadd                                    0x080046d9   Thumb Code   196  faddsub_clz.o(x$fpl$fadd)
    __fpl_fcmp_Inf                           0x0800479d   Thumb Code    24  fcmpi.o(x$fpl$fcmpinf)
    __aeabi_cfcmpeq                          0x080047b5   Thumb Code     0  feqf.o(x$fpl$feqf)
    _fcmpeq                                  0x080047b5   Thumb Code   104  feqf.o(x$fpl$feqf)
    __aeabi_f2iz                             0x0800481d   Thumb Code     0  ffix.o(x$fpl$ffix)
    _ffix                                    0x0800481d   Thumb Code    54  ffix.o(x$fpl$ffix)
    __aeabi_i2f                              0x08004855   Thumb Code     0  fflt_clz.o(x$fpl$fflt)
    _fflt                                    0x08004855   Thumb Code    48  fflt_clz.o(x$fpl$fflt)
    __aeabi_cfcmple                          0x08004885   Thumb Code     0  fleqf.o(x$fpl$fleqf)
    _fcmple                                  0x08004885   Thumb Code   104  fleqf.o(x$fpl$fleqf)
    __fpl_fcmple_InfNaN                      0x080048d7   Thumb Code     0  fleqf.o(x$fpl$fleqf)
    __aeabi_fmul                             0x080048ed   Thumb Code     0  fmul.o(x$fpl$fmul)
    _fmul                                    0x080048ed   Thumb Code   258  fmul.o(x$fpl$fmul)
    __fpl_fnaninf                            0x080049ef   Thumb Code   140  fnaninf.o(x$fpl$fnaninf)
    __fpl_fretinf                            0x08004a7b   Thumb Code    10  fretinf.o(x$fpl$fretinf)
    __aeabi_cfrcmple                         0x08004a85   Thumb Code     0  frleqf.o(x$fpl$frleqf)
    _frcmple                                 0x08004a85   Thumb Code    98  frleqf.o(x$fpl$frleqf)
    __aeabi_frsub                            0x08004ae7   Thumb Code     0  faddsub_clz.o(x$fpl$frsb)
    _frsb                                    0x08004ae7   Thumb Code    20  faddsub_clz.o(x$fpl$frsb)
    __aeabi_fsub                             0x08004afd   Thumb Code     0  faddsub_clz.o(x$fpl$fsub)
    _fsub                                    0x08004afd   Thumb Code   234  faddsub_clz.o(x$fpl$fsub)
    __fpl_return_NaN                         0x08004be7   Thumb Code   100  retnan.o(x$fpl$retnan)
    __ARM_scalbn                             0x08004c4b   Thumb Code    92  scalbn.o(x$fpl$scalbn)
    __fpl_cmpreturn                          0x08004ca7   Thumb Code    48  trapv.o(x$fpl$trapveneer)
    __I$use$fp                               0x08004cd6   Number         0  usenofp.o(x$fpl$usenofp)
    __mathlib_zero                           0x08004dc0   Data           8  qnan.o(.constdata)
    Region$$Table$$Base                      0x08004dc8   Number         0  anon$$obj.o(Region$$Table)
    Region$$Table$$Limit                     0x08004de8   Number         0  anon$$obj.o(Region$$Table)
    flg_get_senor_data                       0x20000000   Data           1  main.o(.data)
    flg_send_data                            0x20000001   Data           1  main.o(.data)
    out                                      0x20000002   Data          35  main.o(.data)
    gx                                       0x20000026   Data           2  main.o(.data)
    gy                                       0x20000028   Data           2  main.o(.data)
    gz                                       0x2000002a   Data           2  main.o(.data)
    ax                                       0x2000002c   Data           2  main.o(.data)
    ay                                       0x2000002e   Data           2  main.o(.data)
    az                                       0x20000030   Data           2  main.o(.data)
    mx                                       0x20000032   Data           2  main.o(.data)
    my                                       0x20000034   Data           2  main.o(.data)
    mz                                       0x20000036   Data           2  main.o(.data)
    temperature                              0x20000038   Data           2  main.o(.data)
    gx_offset                                0x2000003a   Data           2  main.o(.data)
    gy_offset                                0x2000003c   Data           2  main.o(.data)
    gz_offset                                0x2000003e   Data           2  main.o(.data)
    ax_offset                                0x20000040   Data           2  main.o(.data)
    ay_offset                                0x20000042   Data           2  main.o(.data)
    az_offset                                0x20000044   Data           2  main.o(.data)
    mx_offset                                0x20000046   Data           2  main.o(.data)
    my_offset                                0x20000048   Data           2  main.o(.data)
    mz_offset                                0x2000004a   Data           2  main.o(.data)
    pitch                                    0x2000004c   Data           4  main.o(.data)
    roll                                     0x20000050   Data           4  main.o(.data)
    yaw                                      0x20000054   Data           4  main.o(.data)
    f_gx                                     0x20000058   Data           4  main.o(.data)
    f_gy                                     0x2000005c   Data           4  main.o(.data)
    f_gz                                     0x20000060   Data           4  main.o(.data)
    temp                                     0x20000064   Data           2  main.o(.data)
    twoKp                                    0x20000068   Data           4  ahrs.o(.data)
    twoKi                                    0x2000006c   Data           4  ahrs.o(.data)
    q0                                       0x20000070   Data           4  ahrs.o(.data)
    q1                                       0x20000074   Data           4  ahrs.o(.data)
    q2                                       0x20000078   Data           4  ahrs.o(.data)
    q3                                       0x2000007c   Data           4  ahrs.o(.data)
    integralFBx                              0x20000080   Data           4  ahrs.o(.data)
    integralFBy                              0x20000084   Data           4  ahrs.o(.data)
    integralFBz                              0x20000088   Data           4  ahrs.o(.data)
    SystemCoreClock                          0x200000a0   Data           4  system_stm32f10x.o(.data)
    AHBPrescTable                            0x200000a4   Data          16  system_stm32f10x.o(.data)
    __libspace_start                         0x200000b4   Data          96  libspace.o(.bss)
    __temporary_stack_top$libspace           0x20000114   Data           0  libspace.o(.bss)



==============================================================================

Memory Map of the image

  Image Entry point : 0x080000ed

  Load Region LR_IROM1 (Base: 0x08000000, Size: 0x00004e9c, Max: 0x00020000, ABSOLUTE)

    Execution Region ER_IROM1 (Base: 0x08000000, Size: 0x00004de8, Max: 0x00020000, ABSOLUTE)

    Base Addr    Size         Type   Attr      Idx    E Section Name        Object

    0x08000000   0x000000ec   Data   RO          586    RESET               startup_stm32f10x_md.o
    0x080000ec   0x00000008   Code   RO          595  * !!!main             c_w.l(__main.o)
    0x080000f4   0x00000034   Code   RO          878    !!!scatter          c_w.l(__scatter.o)
    0x08000128   0x0000001a   Code   RO          880    !!handler_copy      c_w.l(__scatter_copy.o)
    0x08000142   0x00000002   PAD
    0x08000144   0x0000001c   Code   RO          882    !!handler_zi        c_w.l(__scatter_zi.o)
    0x08000160   0x00000002   Code   RO          748    .ARM.Collect$$libinit$$00000000  c_w.l(libinit.o)
    0x08000162   0x00000000   Code   RO          754    .ARM.Collect$$libinit$$00000002  c_w.l(libinit2.o)
    0x08000162   0x00000000   Code   RO          756    .ARM.Collect$$libinit$$00000004  c_w.l(libinit2.o)
    0x08000162   0x00000000   Code   RO          759    .ARM.Collect$$libinit$$0000000A  c_w.l(libinit2.o)
    0x08000162   0x00000000   Code   RO          761    .ARM.Collect$$libinit$$0000000C  c_w.l(libinit2.o)
    0x08000162   0x00000000   Code   RO          763    .ARM.Collect$$libinit$$0000000E  c_w.l(libinit2.o)
    0x08000162   0x00000000   Code   RO          766    .ARM.Collect$$libinit$$00000011  c_w.l(libinit2.o)
    0x08000162   0x00000000   Code   RO          768    .ARM.Collect$$libinit$$00000013  c_w.l(libinit2.o)
    0x08000162   0x00000000   Code   RO          770    .ARM.Collect$$libinit$$00000015  c_w.l(libinit2.o)
    0x08000162   0x00000000   Code   RO          772    .ARM.Collect$$libinit$$00000017  c_w.l(libinit2.o)
    0x08000162   0x00000000   Code   RO          774    .ARM.Collect$$libinit$$00000019  c_w.l(libinit2.o)
    0x08000162   0x00000000   Code   RO          776    .ARM.Collect$$libinit$$0000001B  c_w.l(libinit2.o)
    0x08000162   0x00000000   Code   RO          778    .ARM.Collect$$libinit$$0000001D  c_w.l(libinit2.o)
    0x08000162   0x00000000   Code   RO          780    .ARM.Collect$$libinit$$0000001F  c_w.l(libinit2.o)
    0x08000162   0x00000000   Code   RO          782    .ARM.Collect$$libinit$$00000021  c_w.l(libinit2.o)
    0x08000162   0x00000000   Code   RO          784    .ARM.Collect$$libinit$$00000023  c_w.l(libinit2.o)
    0x08000162   0x00000000   Code   RO          786    .ARM.Collect$$libinit$$00000025  c_w.l(libinit2.o)
    0x08000162   0x00000000   Code   RO          790    .ARM.Collect$$libinit$$0000002C  c_w.l(libinit2.o)
    0x08000162   0x00000000   Code   RO          792    .ARM.Collect$$libinit$$0000002E  c_w.l(libinit2.o)
    0x08000162   0x00000000   Code   RO          794    .ARM.Collect$$libinit$$00000030  c_w.l(libinit2.o)
    0x08000162   0x00000000   Code   RO          796    .ARM.Collect$$libinit$$00000032  c_w.l(libinit2.o)
    0x08000162   0x00000002   Code   RO          797    .ARM.Collect$$libinit$$00000033  c_w.l(libinit2.o)
    0x08000164   0x00000002   Code   RO          819    .ARM.Collect$$libshutdown$$00000000  c_w.l(libshutdown.o)
    0x08000166   0x00000000   Code   RO          833    .ARM.Collect$$libshutdown$$00000003  c_w.l(libshutdown2.o)
    0x08000166   0x00000000   Code   RO          836    .ARM.Collect$$libshutdown$$00000006  c_w.l(libshutdown2.o)
    0x08000166   0x00000000   Code   RO          839    .ARM.Collect$$libshutdown$$00000009  c_w.l(libshutdown2.o)
    0x08000166   0x00000000   Code   RO          841    .ARM.Collect$$libshutdown$$0000000B  c_w.l(libshutdown2.o)
    0x08000166   0x00000000   Code   RO          844    .ARM.Collect$$libshutdown$$0000000E  c_w.l(libshutdown2.o)
    0x08000166   0x00000002   Code   RO          845    .ARM.Collect$$libshutdown$$0000000F  c_w.l(libshutdown2.o)
    0x08000168   0x00000000   Code   RO          651    .ARM.Collect$$rtentry$$00000000  c_w.l(__rtentry.o)
    0x08000168   0x00000000   Code   RO          713    .ARM.Collect$$rtentry$$00000002  c_w.l(__rtentry2.o)
    0x08000168   0x00000006   Code   RO          725    .ARM.Collect$$rtentry$$00000004  c_w.l(__rtentry4.o)
    0x0800016e   0x00000000   Code   RO          715    .ARM.Collect$$rtentry$$00000009  c_w.l(__rtentry2.o)
    0x0800016e   0x00000004   Code   RO          716    .ARM.Collect$$rtentry$$0000000A  c_w.l(__rtentry2.o)
    0x08000172   0x00000000   Code   RO          718    .ARM.Collect$$rtentry$$0000000C  c_w.l(__rtentry2.o)
    0x08000172   0x00000008   Code   RO          719    .ARM.Collect$$rtentry$$0000000D  c_w.l(__rtentry2.o)
    0x0800017a   0x00000002   Code   RO          751    .ARM.Collect$$rtexit$$00000000  c_w.l(rtexit.o)
    0x0800017c   0x00000000   Code   RO          801    .ARM.Collect$$rtexit$$00000002  c_w.l(rtexit2.o)
    0x0800017c   0x00000004   Code   RO          802    .ARM.Collect$$rtexit$$00000003  c_w.l(rtexit2.o)
    0x08000180   0x00000006   Code   RO          803    .ARM.Collect$$rtexit$$00000004  c_w.l(rtexit2.o)
    0x08000186   0x00000002   PAD
    0x08000188   0x000001a8   Code   RO            1    .text               iic.o
    0x08000330   0x00000364   Code   RO           63    .text               main.o
    0x08000694   0x0000005c   Code   RO          144    .text               stm32f10x_it.o
    0x080006f0   0x00000060   Code   RO          160    .text               timer.o
    0x08000750   0x00000080   Code   RO          172    .text               usart.o
    0x080007d0   0x00000088   Code   RO          187    .text               hmc5883l.o
    0x08000858   0x0000011c   Code   RO          199    .text               mpu6050.o
    0x08000974   0x00000940   Code   RO          211    .text               ahrs.o
    0x080012b4   0x0000007c   Code   RO          226    .text               _exti4.o
    0x08001330   0x000003a4   Code   RO          347    .text               stm32f10x_rcc.o
    0x080016d4   0x00000e1a   Code   RO          361    .text               stm32f10x_tim.o
    0x080024ee   0x00000002   PAD
    0x080024f0   0x00000408   Code   RO          373    .text               stm32f10x_usart.o
    0x080028f8   0x0000035c   Code   RO          385    .text               stm32f10x_gpio.o
    0x08002c54   0x00000404   Code   RO          397    .text               stm32f10x_i2c.o
    0x08003058   0x000000dc   Code   RO          409    .text               misc.o
    0x08003134   0x0000011c   Code   RO          433    .text               stm32f10x_exti.o
    0x08003250   0x000001e0   Code   RO          566    .text               system_stm32f10x.o
    0x08003430   0x00000040   Code   RO          587    .text               startup_stm32f10x_md.o
    0x08003470   0x00000006   Code   RO          593    .text               c_w.l(heapauxi.o)
    0x08003476   0x00000016   Code   RO          652    .text               c_w.l(_rserrno.o)
    0x0800348c   0x00000008   Code   RO          730    .text               c_w.l(rt_errno_addr_intlibspace.o)
    0x08003494   0x00000008   Code   RO          736    .text               c_w.l(libspace.o)
    0x0800349c   0x0000004a   Code   RO          739    .text               c_w.l(sys_stackheap_outer.o)
    0x080034e6   0x0000000c   Code   RO          741    .text               c_w.l(exit.o)
    0x080034f2   0x00000002   PAD
    0x080034f4   0x0000000c   Code   RO          811    .text               c_w.l(sys_exit.o)
    0x08003500   0x00000002   Code   RO          822    .text               c_w.l(use_no_semi.o)
    0x08003502   0x00000000   Code   RO          824    .text               c_w.l(indicate_semi.o)
    0x08003502   0x00000028   Code   RO          707    i.__ARM_fpclassify  m_ws.l(fpclassify.o)
    0x0800352a   0x000000aa   Code   RO          709    i.__kernel_poly     m_ws.l(poly.o)
    0x080035d4   0x00000006   Code   RO          694    i.__mathlib_dbl_infnan  m_ws.l(dunder.o)
    0x080035da   0x00000004   Code   RO          695    i.__mathlib_dbl_infnan2  m_ws.l(dunder.o)
    0x080035de   0x0000000c   Code   RO          696    i.__mathlib_dbl_invalid  m_ws.l(dunder.o)
    0x080035ea   0x00000002   PAD
    0x080035ec   0x00000010   Code   RO          699    i.__mathlib_dbl_underflow  m_ws.l(dunder.o)
    0x080035fc   0x00000270   Code   RO          626    i.asin              m_ws.l(asin.o)
    0x0800386c   0x00000220   Code   RO          684    i.atan              m_ws.l(atan.o)
    0x08003a8c   0x00000180   Code   RO          636    i.atan2             m_ws.l(atan2.o)
    0x08003c0c   0x0000004c   Code   RO          644    i.sqrt              m_ws.l(sqrt.o)
    0x08003c58   0x00000062   Code   RO          597    x$fpl$d2f           fz_ws.l(d2f.o)
    0x08003cba   0x00000002   PAD
    0x08003cbc   0x00000150   Code   RO          654    x$fpl$dadd          fz_ws.l(daddsub_clz.o)
    0x08003e0c   0x00000010   Code   RO          732    x$fpl$dcheck1       fz_ws.l(dcheck1.o)
    0x08003e1c   0x000002b0   Code   RO          661    x$fpl$ddiv          fz_ws.l(ddiv.o)
    0x080040cc   0x00000154   Code   RO          599    x$fpl$dmul          fz_ws.l(dmul.o)
    0x08004220   0x0000009c   Code   RO          666    x$fpl$dnaninf       fz_ws.l(dnaninf.o)
    0x080042bc   0x0000000c   Code   RO          668    x$fpl$dretinf       fz_ws.l(dretinf.o)
    0x080042c8   0x00000016   Code   RO          655    x$fpl$drsb          fz_ws.l(daddsub_clz.o)
    0x080042de   0x00000002   PAD
    0x080042e0   0x000001cc   Code   RO          670    x$fpl$dsqrt         fz_ws.l(dsqrt_noumaal.o)
    0x080044ac   0x000001d4   Code   RO          656    x$fpl$dsub          fz_ws.l(daddsub_clz.o)
    0x08004680   0x00000056   Code   RO          601    x$fpl$f2d           fz_ws.l(f2d.o)
    0x080046d6   0x00000002   PAD
    0x080046d8   0x000000c4   Code   RO          603    x$fpl$fadd          fz_ws.l(faddsub_clz.o)
    0x0800479c   0x00000018   Code   RO          672    x$fpl$fcmpinf       fz_ws.l(fcmpi.o)
    0x080047b4   0x00000068   Code   RO          609    x$fpl$feqf          fz_ws.l(feqf.o)
    0x0800481c   0x00000036   Code   RO          611    x$fpl$ffix          fz_ws.l(ffix.o)
    0x08004852   0x00000002   PAD
    0x08004854   0x00000030   Code   RO          616    x$fpl$fflt          fz_ws.l(fflt_clz.o)
    0x08004884   0x00000068   Code   RO          674    x$fpl$fleqf         fz_ws.l(fleqf.o)
    0x080048ec   0x00000102   Code   RO          621    x$fpl$fmul          fz_ws.l(fmul.o)
    0x080049ee   0x0000008c   Code   RO          676    x$fpl$fnaninf       fz_ws.l(fnaninf.o)
    0x08004a7a   0x0000000a   Code   RO          678    x$fpl$fretinf       fz_ws.l(fretinf.o)
    0x08004a84   0x00000062   Code   RO          623    x$fpl$frleqf        fz_ws.l(frleqf.o)
    0x08004ae6   0x00000014   Code   RO          604    x$fpl$frsb          fz_ws.l(faddsub_clz.o)
    0x08004afa   0x00000002   PAD
    0x08004afc   0x000000ea   Code   RO          605    x$fpl$fsub          fz_ws.l(faddsub_clz.o)
    0x08004be6   0x00000064   Code   RO          749    x$fpl$retnan        fz_ws.l(retnan.o)
    0x08004c4a   0x0000005c   Code   RO          680    x$fpl$scalbn        fz_ws.l(scalbn.o)
    0x08004ca6   0x00000030   Code   RO          798    x$fpl$trapveneer    fz_ws.l(trapv.o)
    0x08004cd6   0x00000000   Code   RO          682    x$fpl$usenofp       fz_ws.l(usenofp.o)
    0x08004cd6   0x00000002   PAD
    0x08004cd8   0x00000050   Data   RO          627    .constdata          m_ws.l(asin.o)
    0x08004d28   0x00000098   Data   RO          685    .constdata          m_ws.l(atan.o)
    0x08004dc0   0x00000008   Data   RO          711    .constdata          m_ws.l(qnan.o)
    0x08004dc8   0x00000020   Data   RO          876    Region$$Table       anon$$obj.o


    Execution Region RW_IRAM1 (Base: 0x20000000, Size: 0x00000718, Max: 0x00005000, ABSOLUTE)

    Base Addr    Size         Type   Attr      Idx    E Section Name        Object

    0x20000000   0x00000066   Data   RW           64    .data               main.o
    0x20000066   0x00000002   PAD
    0x20000068   0x00000024   Data   RW          212    .data               ahrs.o
    0x2000008c   0x00000014   Data   RW          348    .data               stm32f10x_rcc.o
    0x200000a0   0x00000014   Data   RW          567    .data               system_stm32f10x.o
    0x200000b4   0x00000060   Zero   RW          737    .bss                c_w.l(libspace.o)
    0x20000114   0x00000004   PAD
    0x20000118   0x00000200   Zero   RW          585    HEAP                startup_stm32f10x_md.o
    0x20000318   0x00000400   Zero   RW          584    STACK               startup_stm32f10x_md.o


==============================================================================

Image component sizes


      Code (inc. data)   RO Data    RW Data    ZI Data      Debug   Object Name

       124          4          0          0          0        686   _exti4.o
      2368         94          0         36          0       2984   ahrs.o
         0          0          0          0          0         32   core_cm3.o
       136          0          0          0          0       1158   hmc5883l.o
       424         20          0          0          0     263390   iic.o
       868        132          0        102          0       2596   main.o
       220         22          0          0          0       1829   misc.o
       284          0          0          0          0       1464   mpu6050.o
        64         26        236          0       1536        872   startup_stm32f10x_md.o
       284         10          0          0          0       2263   stm32f10x_exti.o
       860         38          0          0          0       5669   stm32f10x_gpio.o
      1028         16          0          0          0       9135   stm32f10x_i2c.o
        92         12          0          0          0       1519   stm32f10x_it.o
       932         36          0         20          0       8832   stm32f10x_rcc.o
      3610         88          0          0          0      22160   stm32f10x_tim.o
      1032         22          0          0          0       8400   stm32f10x_usart.o
       480         38          0         20          0       1931   system_stm32f10x.o
        96          4          0          0          0        509   timer.o
       128          8          0          0          0        557   usart.o

    ----------------------------------------------------------------------
     13032        570        268        180       1536     335986   Object Totals
         0          0         32          0          0          0   (incl. Generated)
         2          0          0          2          0          0   (incl. Padding)

    ----------------------------------------------------------------------

      Code (inc. data)   RO Data    RW Data    ZI Data      Debug   Library Member Name

         8          0          0          0          0         68   __main.o
         0          0          0          0          0          0   __rtentry.o
        12          0          0          0          0          0   __rtentry2.o
         6          0          0          0          0          0   __rtentry4.o
        52          8          0          0          0          0   __scatter.o
        26          0          0          0          0          0   __scatter_copy.o
        28          0          0          0          0          0   __scatter_zi.o
        22          0          0          0          0        100   _rserrno.o
        12          0          0          0          0         72   exit.o
         6          0          0          0          0        152   heapauxi.o
         0          0          0          0          0          0   indicate_semi.o
         2          0          0          0          0          0   libinit.o
         2          0          0          0          0          0   libinit2.o
         2          0          0          0          0          0   libshutdown.o
         2          0          0          0          0          0   libshutdown2.o
         8          4          0          0         96         68   libspace.o
         8          4          0          0          0         68   rt_errno_addr_intlibspace.o
         2          0          0          0          0          0   rtexit.o
        10          0          0          0          0          0   rtexit2.o
        12          4          0          0          0         68   sys_exit.o
        74          0          0          0          0         80   sys_stackheap_outer.o
         2          0          0          0          0         68   use_no_semi.o
        98          4          0          0          0         92   d2f.o
       826         16          0          0          0        348   daddsub_clz.o
        16          4          0          0          0         68   dcheck1.o
       688        140          0          0          0        208   ddiv.o
       340         12          0          0          0        104   dmul.o
       156          4          0          0          0         92   dnaninf.o
        12          0          0          0          0         68   dretinf.o
       460         56          0          0          0        120   dsqrt_noumaal.o
        86          4          0          0          0         84   f2d.o
       450          8          0          0          0        236   faddsub_clz.o
        24          0          0          0          0         68   fcmpi.o
       104          4          0          0          0         84   feqf.o
        54          4          0          0          0         84   ffix.o
        48          0          0          0          0         68   fflt_clz.o
       104          4          0          0          0         84   fleqf.o
       258          4          0          0          0         84   fmul.o
       140          4          0          0          0         84   fnaninf.o
        10          0          0          0          0         68   fretinf.o
        98          0          0          0          0         68   frleqf.o
       100          0          0          0          0         68   retnan.o
        92          0          0          0          0         68   scalbn.o
        48          0          0          0          0         68   trapv.o
         0          0          0          0          0          0   usenofp.o
       624         52         80          0          0        168   asin.o
       544         70        152          0          0        124   atan.o
       384         38          0          0          0        144   atan2.o
        38          6          0          0          0        272   dunder.o
        40          0          0          0          0         68   fpclassify.o
       170          0          0          0          0         96   poly.o
         0          0          8          0          0          0   qnan.o
        76          0          0          0          0         84   sqrt.o

    ----------------------------------------------------------------------
      6404        454        240          0        100       4016   Library Totals
        20          0          0          0          4          0   (incl. Padding)

    ----------------------------------------------------------------------

      Code (inc. data)   RO Data    RW Data    ZI Data      Debug   Library Name

       296         20          0          0         96        744   c_w.l
      4212        268          0          0          0       2316   fz_ws.l
      1876        166        240          0          0        956   m_ws.l

    ----------------------------------------------------------------------
      6404        454        240          0        100       4016   Library Totals

    ----------------------------------------------------------------------

==============================================================================


      Code (inc. data)   RO Data    RW Data    ZI Data      Debug   

     19436       1024        508        180       1636     336410   Grand Totals
     19436       1024        508        180       1636     336410   ELF Image Totals
     19436       1024        508        180          0          0   ROM Totals

==============================================================================

    Total RO  Size (Code + RO Data)                19944 (  19.48kB)
    Total RW  Size (RW Data + ZI Data)              1816 (   1.77kB)
    Total ROM Size (Code + RO Data + RW Data)      20124 (  19.65kB)

==============================================================================

